Archive member included because of file (symbol)

/usr/local/arm/4.5.1/bin/../lib/gcc/arm-none-linux-gnueabi/4.5.1/libgcc.a(_udivsi3.o)
                              arch/arm/cpu/armv7/built-in.o (__aeabi_uidiv)
/usr/local/arm/4.5.1/bin/../lib/gcc/arm-none-linux-gnueabi/4.5.1/libgcc.a(_divsi3.o)
                              common/built-in.o (__aeabi_idiv)
/usr/local/arm/4.5.1/bin/../lib/gcc/arm-none-linux-gnueabi/4.5.1/libgcc.a(_lshrdi3.o)
                              drivers/mtd/nand/built-in.o (__aeabi_llsr)
/usr/local/arm/4.5.1/bin/../lib/gcc/arm-none-linux-gnueabi/4.5.1/libgcc.a(_ashrdi3.o)
                              drivers/mtd/nand/built-in.o (__aeabi_lasr)
/usr/local/arm/4.5.1/bin/../lib/gcc/arm-none-linux-gnueabi/4.5.1/libgcc.a(_ashldi3.o)
                              drivers/mtd/nand/built-in.o (__aeabi_llsl)
/usr/local/arm/4.5.1/bin/../lib/gcc/arm-none-linux-gnueabi/4.5.1/libgcc.a(_dvmd_lnx.o)
                              /usr/local/arm/4.5.1/bin/../lib/gcc/arm-none-linux-gnueabi/4.5.1/libgcc.a(_udivsi3.o) (__aeabi_idiv0)

Discarded input sections

 .data          0x00000000        0x0 arch/arm/cpu/armv7/start.o
 .bss           0x00000000        0x0 arch/arm/cpu/armv7/start.o
 .text          0x00000000        0x0 arch/arm/cpu/armv7/built-in.o
 .text.invalidate_dcache_range
                0x00000000       0x24 arch/arm/cpu/armv7/built-in.o
 .text.mmu_page_table_flush
                0x00000000       0x10 arch/arm/cpu/armv7/built-in.o
 .text.__v7_outer_cache_enable
                0x00000000        0x4 arch/arm/cpu/armv7/built-in.o
 .text.__v7_outer_cache_disable
                0x00000000        0x4 arch/arm/cpu/armv7/built-in.o
 .text.__v7_outer_cache_inval_range
                0x00000000        0x4 arch/arm/cpu/armv7/built-in.o
 .text.sdelay   0x00000000        0xc arch/arm/cpu/armv7/built-in.o
 .text.sr32     0x00000000       0x24 arch/arm/cpu/armv7/built-in.o
 .text.wait_on_value
                0x00000000       0x34 arch/arm/cpu/armv7/built-in.o
 .text.get_device_type
                0x00000000       0x10 arch/arm/cpu/armv7/built-in.o
 .text.timer_get_us
                0x00000000       0x30 arch/arm/cpu/armv7/built-in.o
 .text.pwm_disable
                0x00000000       0x34 arch/arm/cpu/armv7/built-in.o
 .data          0x00000000        0x0 arch/arm/cpu/armv7/built-in.o
 .bss           0x00000000        0x0 arch/arm/cpu/armv7/built-in.o
 .bss.base_time_us.3486
                0x00000000        0x4 arch/arm/cpu/armv7/built-in.o
 .text.set_mmc_clk
                0x00000000        0x4 arch/arm/cpu/armv7/s5pc1xx/built-in.o
 .data          0x00000000        0x0 arch/arm/cpu/armv7/s5pc1xx/built-in.o
 .bss           0x00000000        0x0 arch/arm/cpu/armv7/s5pc1xx/built-in.o
 .text.__red_led_off
                0x00000000        0x4 arch/arm/lib/built-in.o
 .text.__green_led_on
                0x00000000        0x4 arch/arm/lib/built-in.o
 .text.__green_led_off
                0x00000000        0x4 arch/arm/lib/built-in.o
 .text.__yellow_led_on
                0x00000000        0x4 arch/arm/lib/built-in.o
 .text.__yellow_led_off
                0x00000000        0x4 arch/arm/lib/built-in.o
 .text.__blue_led_on
                0x00000000        0x4 arch/arm/lib/built-in.o
 .text.__blue_led_off
                0x00000000        0x4 arch/arm/lib/built-in.o
 .text.__dram_init_banksize
                0x00000000       0x1c arch/arm/lib/built-in.o
 .text.__arch_cpu_init
                0x00000000        0x8 arch/arm/lib/built-in.o
 .text.__flush_cache
                0x00000000        0x4 arch/arm/lib/built-in.o
 .text.__flush_dcache_all
                0x00000000        0xc arch/arm/lib/built-in.o
 .text.__arm_init_before_mmu
                0x00000000        0x4 arch/arm/lib/built-in.o
 .text.__mmu_page_table_flush
                0x00000000        0x4 arch/arm/lib/built-in.o
 .text.mmu_set_region_dcache_behaviour
                0x00000000       0x50 arch/arm/lib/built-in.o
 .data          0x00000000        0x0 arch/arm/lib/built-in.o
 .__end         0x00000000        0x0 arch/arm/lib/built-in.o
 .bss           0x00000000        0x0 arch/arm/lib/built-in.o
 .text.onenand_board_init
                0x00000000       0xb8 board/samsung/smart210/built-in.o
 .data          0x00000000        0x0 board/samsung/smart210/built-in.o
 .bss           0x00000000        0x0 board/samsung/smart210/built-in.o
 .text          0x00000000        0x0 common/built-in.o
 .text.parse_line
                0x00000000       0x84 common/built-in.o
 .text.cmd_process_error
                0x00000000       0x30 common/built-in.o
 .text.hash_block
                0x00000000       0x78 common/built-in.o
 .text.unset_local_var
                0x00000000       0xa0 common/built-in.o
 .text.env_flags_parse_varaccess_from_binflags
                0x00000000       0x48 common/built-in.o
 .text.invalidate_icache_all
                0x00000000        0xc common/built-in.o
 .text.flush_dcache_all
[...]
Memory Configuration

Name             Origin             Length             Attributes
*default*        0x00000000         0xffffffff

Linker script and memory map

Address of section .text set to 0x20000000
                0x00000000                . = 0x0
                0x00000000                . = ALIGN (0x4)

.text           0x20000000    0x23f00
 *(.__image_copy_start)
 .__image_copy_start
                0x20000000        0x0 arch/arm/lib/built-in.o
                0x20000000                __image_copy_start
 arch/arm/cpu/armv7/start.o(.text*)
 .text          0x20000000      0x380 arch/arm/cpu/armv7/start.o
                0x20000000                _start
                0x20000020                _undefined_instruction
                0x20000024                _software_interrupt
                0x20000028                _prefetch_abort
                0x2000002c                _data_abort
                0x20000030                _not_used
                0x20000034                _irq
                0x20000038                _fiq
                0x20000040                _end_vect
                0x20000040                IRQ_STACK_START_IN
                0x20000084                c_runtime_cpu_setup
                0x2000009c                save_boot_params
                0x200000a0                cpu_init_cp15
                0x200000d8                cpu_init_crit
 *(.text*)
 .text.v7_maint_dcache_all
                0x20000380       0xf0 arch/arm/cpu/armv7/built-in.o
 .text.v7_inval_tlb
                0x20000470       0x1c arch/arm/cpu/armv7/built-in.o
 .text.v7_dcache_maint_range
                0x2000048c       0xc8 arch/arm/cpu/armv7/built-in.o
 .text.invalidate_dcache_all
                0x20000554       0x14 arch/arm/cpu/armv7/built-in.o
                0x20000554                invalidate_dcache_all
 .text.flush_dcache_all
                0x20000568       0x14 arch/arm/cpu/armv7/built-in.o
                0x20000568                flush_dcache_all
 .text.flush_dcache_range
                0x2000057c       0x24 arch/arm/cpu/armv7/built-in.o
                0x2000057c                flush_dcache_range
 .text.arm_init_before_mmu
                0x200005a0       0x14 arch/arm/cpu/armv7/built-in.o
                0x200005a0                arm_init_before_mmu
 .text.flush_cache
                0x200005b4        0x8 arch/arm/cpu/armv7/built-in.o
                0x200005b4                flush_cache
 .text.invalidate_icache_all
                0x200005bc       0x18 arch/arm/cpu/armv7/built-in.o
                0x200005bc                invalidate_icache_all
 .text.__v7_outer_cache_flush_all
                0x200005d4        0x4 arch/arm/cpu/armv7/built-in.o
                0x200005d4                __v7_outer_cache_flush_all
                0x200005d4                v7_outer_cache_flush_all
 .text.__v7_outer_cache_inval_all
                0x200005d8        0x4 arch/arm/cpu/armv7/built-in.o
                0x200005d8                v7_outer_cache_inval_all
                0x200005d8                __v7_outer_cache_inval_all
 .text.__v7_outer_cache_flush_range
                0x200005dc        0x4 arch/arm/cpu/armv7/built-in.o
                0x200005dc                v7_outer_cache_flush_range
                0x200005dc                __v7_outer_cache_flush_range
 .text.cpu_cache_initialization
                0x200005e0        0x4 arch/arm/cpu/armv7/built-in.o
                0x200005e0                cpu_cache_initialization
 .text.cleanup_before_linux
                0x200005e4       0x28 arch/arm/cpu/armv7/built-in.o
                0x200005e4                cleanup_before_linux
 .text.arch_cpu_init
                0x2000060c       0x34 arch/arm/cpu/armv7/built-in.o
                0x2000060c                arch_cpu_init
 .text.print_cpuinfo
                0x20000640       0x4c arch/arm/cpu/armv7/built-in.o
                0x20000640                print_cpuinfo
 .text.get_timer
                0x2000068c       0x6c arch/arm/cpu/armv7/built-in.o
                0x2000068c                get_timer
 .text.__udelay
                0x200006f8       0x20 arch/arm/cpu/armv7/built-in.o
                0x200006f8                __udelay
 .text.reset_timer_masked
                0x20000718       0x1c arch/arm/cpu/armv7/built-in.o
                0x20000718                reset_timer_masked
 .text.timer_init
                0x20000734       0x58 arch/arm/cpu/armv7/built-in.o
                0x20000734                timer_init
 .text.get_ticks
                0x2000078c       0x14 arch/arm/cpu/armv7/built-in.o
                0x2000078c                get_ticks
 .text.get_tbclk
                0x200007a0        0x8 arch/arm/cpu/armv7/built-in.o
                0x200007a0                get_tbclk
 .text.s5p_config_sromc
                0x200007a8       0x2c arch/arm/cpu/armv7/built-in.o
                0x200007a8                s5p_config_sromc
 .text.pwm_enable
                0x200007d4       0x38 arch/arm/cpu/armv7/built-in.o
                0x200007d4                pwm_enable
 .text.pwm_config
                0x2000080c      0x144 arch/arm/cpu/armv7/built-in.o
                0x2000080c                pwm_config
 .text.pwm_init
                0x20000950       0xf8 arch/arm/cpu/armv7/built-in.o
                0x20000950                pwm_init
 *fill*         0x20000a48       0x18 00
 .text          0x20000a60       0x7c arch/arm/cpu/armv7/s5pc1xx/built-in.o
                0x20000a60                v7_outer_cache_enable
                0x20000a74                v7_outer_cache_disable
                0x20000aa0                reset_cpu
 .text.get_pll_clk
                0x20000adc      0x148 arch/arm/cpu/armv7/s5pc1xx/built-in.o
                0x20000adc                get_pll_clk
 .text.s5pc100_get_pclk
                0x20000c24       0x34 arch/arm/cpu/armv7/s5pc1xx/built-in.o
 .text.s5pc110_get_pclk
                0x20000c58       0x38 arch/arm/cpu/armv7/s5pc1xx/built-in.o
 .text.get_arm_clk
                0x20000c90       0x6c arch/arm/cpu/armv7/s5pc1xx/built-in.o
                0x20000c90                get_arm_clk
 .text.get_pwm_clk
                0x20000cfc       0x20 arch/arm/cpu/armv7/s5pc1xx/built-in.o
                0x20000cfc                get_pwm_clk
 .text.get_uart_clk
                0x20000d1c       0x20 arch/arm/cpu/armv7/s5pc1xx/built-in.o
                0x20000d1c                get_uart_clk
 .text          0x20000d3c       0xe4 arch/arm/lib/built-in.o
                0x20000d3c                _main
                0x20000dbc                relocate_code
 .text.display_banner
                0x20000e20       0x20 arch/arm/lib/built-in.o
 .text.init_baudrate
                0x20000e40       0x2c arch/arm/lib/built-in.o
 .text.mark_bootstage
                0x20000e6c       0x14 arch/arm/lib/built-in.o
 .text.__coloured_LED_init
                0x20000e80        0x4 arch/arm/lib/built-in.o
                0x20000e80                coloured_LED_init
                0x20000e80                __coloured_LED_init
 .text.__red_led_on
                0x20000e84        0x4 arch/arm/lib/built-in.o
                0x20000e84                __red_led_on
                0x20000e84                red_led_on
 .text.__power_init_board
                0x20000e88        0x8 arch/arm/lib/built-in.o
                0x20000e88                __power_init_board
                0x20000e88                power_init_board
 .text.board_init_f
                0x20000e90      0x118 arch/arm/lib/built-in.o
                0x20000e90                board_init_f
 .text.board_init_r
                0x20000fa8       0xbc arch/arm/lib/built-in.o
                0x20000fa8                board_init_r
 .text.boot_jump_linux.clone.5
                0x20001064       0xa0 arch/arm/lib/built-in.o
 .text.arch_lmb_reserve
                0x20001104       0x24 arch/arm/lib/built-in.o
                0x20001104                arch_lmb_reserve
 .text.setup_board_tags
                0x20001128        0x4 arch/arm/lib/built-in.o
                0x20001128                setup_board_tags
 .text.boot_prep_linux
                0x2000112c      0x154 arch/arm/lib/built-in.o
 .text.do_bootm_linux
                0x20001280       0x64 arch/arm/lib/built-in.o
                0x20001280                do_bootm_linux
 .text.boot_prep_vxworks
                0x200012e4        0x4 arch/arm/lib/built-in.o
                0x200012e4                boot_prep_vxworks
 .text.boot_jump_vxworks
                0x200012e8       0x14 arch/arm/lib/built-in.o
                0x200012e8                boot_jump_vxworks
 .text.interrupt_init
                0x200012fc       0x1c arch/arm/lib/built-in.o
                0x200012fc                interrupt_init
 .text.enable_interrupts
                0x20001318        0x4 arch/arm/lib/built-in.o
                0x20001318                enable_interrupts
 .text.disable_interrupts
                0x2000131c        0x8 arch/arm/lib/built-in.o
                0x2000131c                disable_interrupts
 .text.bad_mode
                0x20001324       0x10 arch/arm/lib/built-in.o
                0x20001324                bad_mode
 .text.show_regs
                0x20001334      0x140 arch/arm/lib/built-in.o
                0x20001334                show_regs
 .text.do_undefined_instruction
                0x20001474       0x24 arch/arm/lib/built-in.o
                0x20001474                do_undefined_instruction
 .text.do_software_interrupt
                0x20001498       0x24 arch/arm/lib/built-in.o
                0x20001498                do_software_interrupt
 .text.do_prefetch_abort
                0x200014bc       0x24 arch/arm/lib/built-in.o
                0x200014bc                do_prefetch_abort
 .text.do_data_abort
                0x200014e0       0x24 arch/arm/lib/built-in.o
                0x200014e0                do_data_abort
 .text.do_not_used
                0x20001504       0x24 arch/arm/lib/built-in.o
                0x20001504                do_not_used
 .text.do_fiq   0x20001528       0x24 arch/arm/lib/built-in.o
                0x20001528                do_fiq
 .text.do_irq   0x2000154c       0x24 arch/arm/lib/built-in.o
                0x2000154c                do_irq
 .text.do_reset
                0x20001570       0x2c arch/arm/lib/built-in.o
                0x20001570                do_reset
 .text.__enable_caches
                0x2000159c        0xc arch/arm/lib/built-in.o
                0x2000159c                enable_caches
                0x2000159c                __enable_caches
 .text.cp_delay
                0x200015a8       0x30 arch/arm/lib/built-in.o
 .text.cache_disable
                0x200015d8       0x44 arch/arm/lib/built-in.o
 .text.arm_init_domains
                0x2000161c        0x4 arch/arm/lib/built-in.o
                0x2000161c                arm_init_domains
 .text.set_section_dcache
                0x20001620       0x14 arch/arm/lib/built-in.o
                0x20001620                set_section_dcache
 .text.dram_bank_mmu_setup
                0x20001634       0x44 arch/arm/lib/built-in.o
                0x20001634                dram_bank_mmu_setup
 .text.cache_enable
                0x20001678       0x78 arch/arm/lib/built-in.o
 .text.icache_enable
                0x200016f0        0x8 arch/arm/lib/built-in.o
                0x200016f0                icache_enable
 .text.icache_disable
                0x200016f8        0x8 arch/arm/lib/built-in.o
                0x200016f8                icache_disable
 .text.icache_status
                0x20001700        0xc arch/arm/lib/built-in.o
                0x20001700                icache_status
 .text.dcache_enable
                0x2000170c        0x8 arch/arm/lib/built-in.o
                0x2000170c                dcache_enable
 .text.dcache_disable
                0x20001714        0x8 arch/arm/lib/built-in.o
                0x20001714                dcache_disable
 .text.dcache_status
                0x2000171c        0xc arch/arm/lib/built-in.o
                0x2000171c                dcache_status
 .text          0x20001728        0x8 board/samsung/smart210/built-in.o
                0x20001728                lowlevel_init
 .text.board_init
                0x20001730       0x3c board/samsung/smart210/built-in.o
                0x20001730                board_init
 .text.dram_init
                0x2000176c       0x20 board/samsung/smart210/built-in.o
                0x2000176c                dram_init
 .text.dram_init_banksize
                0x2000178c       0x18 board/samsung/smart210/built-in.o
                0x2000178c                dram_init_banksize
 .text.checkboard
                0x200017a4       0x18 board/samsung/smart210/built-in.o
                0x200017a4                checkboard
 .text.board_eth_init
                0x200017bc        0x4 board/samsung/smart210/built-in.o
                0x200017bc                board_eth_init
 .text.delete_char
                0x200017c0       0xd8 common/built-in.o
 .text.cread_add_char
                0x20001898       0xec common/built-in.o
 .text.__show_boot_progress
                0x20001984        0x4 common/built-in.o
                0x20001984                __show_boot_progress
                0x20001984                show_boot_progress
 .text.readline_into_buffer
                0x20001988      0x9ec common/built-in.o
                0x20001988                readline_into_buffer
 .text.readline
                0x20002374       0x14 common/built-in.o
                0x20002374                readline
 .text.run_command
                0x20002388        0x8 common/built-in.o
                0x20002388                run_command
 .text.run_command_list
                0x20002390       0x5c common/built-in.o
                0x20002390                run_command_list
 .text.main_loop
                0x200023ec      0x130 common/built-in.o
                0x200023ec                main_loop
 .text.do_run   0x2000251c       0x70 common/built-in.o
                0x2000251c                do_run
 .text.find_cmd_tbl
                0x2000258c       0x9c common/built-in.o
                0x2000258c                find_cmd_tbl
 .text.find_cmd
                0x20002628       0x28 common/built-in.o
                0x20002628                find_cmd
 .text.cmd_usage
                0x20002650       0x5c common/built-in.o
                0x20002650                cmd_usage
 .text._do_help
                0x200026ac      0x188 common/built-in.o
                0x200026ac                _do_help
 .text.var_complete
                0x20002834       0x84 common/built-in.o
                0x20002834                var_complete
 .text.cmd_auto_complete
                0x200028b8      0x490 common/built-in.o
                0x200028b8                cmd_auto_complete
 .text.cmd_get_data_size
                0x20002d48       0x50 common/built-in.o
                0x20002d48                cmd_get_data_size
 .text.cmd_process
                0x20002d98       0xf0 common/built-in.o
                0x20002d98                cmd_process
 .text.dummy    0x20002e88        0x4 common/built-in.o
 .text.get_version
                0x20002e8c        0x8 common/built-in.o
                0x20002e8c                get_version
 .text.jumptable_init
                0x20002e94      0x190 common/built-in.o
                0x20002e94                jumptable_init
 .text.hash_command
                0x20003024       0xa4 common/built-in.o
                0x20003024                hash_command
 .text.static_get
                0x200030c8       0x1c common/built-in.o
 .text.static_peek
                0x200030e4        0xc common/built-in.o
 .text.file_peek
                0x200030f0        0xc common/built-in.o
 .text.is_assignment
                0x200030fc       0x54 common/built-in.o
 .text.mapset   0x20003150       0x20 common/built-in.o
 .text.syntax_err
                0x20003170        0xc common/built-in.o
 .text.do_showvar
                0x2000317c       0xf0 common/built-in.o
 .text.xmalloc  0x2000326c       0x20 common/built-in.o
 .text.new_pipe
                0x2000328c       0x28 common/built-in.o
 .text.file_get
                0x200032b4      0x1b0 common/built-in.o
 .text.free_pipe_list
                0x20003464       0xe4 common/built-in.o
 .text.xrealloc
                0x20003548       0x20 common/built-in.o
 .text.done_command
                0x20003568       0x8c common/built-in.o
 .text.done_pipe
                0x200035f4       0x48 common/built-in.o
 .text.b_addchr
                0x2000363c       0x78 common/built-in.o
 .text.done_word
                0x200036b4      0x308 common/built-in.o
 .text.b_addqchr
                0x200039bc       0x4c common/built-in.o
 .text.get_local_var
                0x20003a08       0x98 common/built-in.o
                0x20003a08                get_local_var
 .text.set_local_var
                0x20003aa0      0x1b8 common/built-in.o
                0x20003aa0                set_local_var
 .text.insert_var_value_sub
                0x20003c58      0x2cc common/built-in.o
 .text.parse_string_outer
                0x20003f24       0xf0 common/built-in.o
                0x20003f24                parse_string_outer
 .text.run_list_real
                0x20004014      0x844 common/built-in.o
 .text.parse_stream_outer
                0x20004858      0x6f0 common/built-in.o
 .text.parse_file_outer
                0x20004f48       0x44 common/built-in.o
                0x20004f48                parse_file_outer
 .text.u_boot_hush_start
                0x20004f8c       0x54 common/built-in.o
                0x20004f8c                u_boot_hush_start
 .text.hex1_bin
                0x20004fe0       0x40 common/built-in.o
 .text.hex2_bin
                0x20005020       0x34 common/built-in.o
 .text.srec_decode
                0x20005054      0x270 common/built-in.o
                0x20005054                srec_decode
 .text.CYGACC_COMM_IF_GETC_TIMEOUT.clone.1
                0x200052c4       0x54 common/built-in.o
 .text.xyzModem_flush
                0x20005318       0x1c common/built-in.o
 .text.xyzModem_get_hdr
                0x20005334      0x248 common/built-in.o
 .text.xyzModem_stream_open
                0x2000557c      0x258 common/built-in.o
                0x2000557c                xyzModem_stream_open
 .text.xyzModem_stream_read
                0x200057d4      0x244 common/built-in.o
                0x200057d4                xyzModem_stream_read
 .text.xyzModem_stream_close
                0x20005a18       0x50 common/built-in.o
                0x20005a18                xyzModem_stream_close
 .text.xyzModem_stream_terminate
                0x20005a68       0x94 common/built-in.o
                0x20005a68                xyzModem_stream_terminate
 .text.xyzModem_error
                0x20005afc       0x20 common/built-in.o
                0x20005afc                xyzModem_error
 .text.do_go_exec
                0x20005b1c       0x18 common/built-in.o
                0x20005b1c                do_go_exec
 .text.do_go    0x20005b34       0x6c common/built-in.o
 .text.image_info
                0x20005ba0       0xd0 common/built-in.o
 .text.do_iminfo
                0x20005c70       0x60 common/built-in.o
 .text.do_bootm_rtems
                0x20005cd0       0x40 common/built-in.o
 .text.do_bootd
                0x20005d10       0x24 common/built-in.o
                0x20005d10                do_bootd
 .text.do_bootm_standalone
                0x20005d34       0x64 common/built-in.o
 .text.copy_args
                0x20005d98       0x4c common/built-in.o
 .text.do_bootm_plan9
                0x20005de4       0xa4 common/built-in.o
 .text.do_bootm_qnxelf
                0x20005e88       0x5c common/built-in.o
 .text.do_bootm_netbsd
                0x20005ee4       0xf4 common/built-in.o
 .text.do_bootm_states.clone.21.clone.22
                0x20005fd8      0x78c common/built-in.o
 .text.do_bootm
                0x20006764       0xdc common/built-in.o
                0x20006764                do_bootm
 .text.__arch_preboot_os
                0x20006840        0x4 common/built-in.o
                0x20006840                arch_preboot_os
 .text.bootm_maybe_autostart
                0x20006844       0x74 common/built-in.o
                0x20006844                bootm_maybe_autostart
 .text.do_bootvx_fdt
                0x200068b8       0x3c common/built-in.o
                0x200068b8                do_bootvx_fdt
 .text.do_bootm_vxworks
                0x200068f4       0x24 common/built-in.o
 .text.do_help  0x20006918       0x48 common/built-in.o
 .text.do_version
                0x20006960       0x38 common/built-in.o
 .text.reverse_strstr
                0x20006998       0x64 common/built-in.o
 .text.env_attr_walk
                0x200069fc      0x110 common/built-in.o
                0x200069fc                env_attr_walk
 .text.env_attr_lookup
                0x20006b0c      0x124 common/built-in.o
                0x20006b0c                env_attr_lookup
 .text.clear_callback
                0x20006c30       0x10 common/built-in.o
 .text.on_callbacks
                0x20006c40       0x48 common/built-in.o
 .text.find_env_callback
                0x20006c88       0x64 common/built-in.o
 .text.set_callback
                0x20006cec       0x94 common/built-in.o
 .text.env_callback_init
                0x20006d80       0xc8 common/built-in.o
                0x20006d80                env_callback_init
 .text.skip_num
                0x20006e48       0x78 common/built-in.o
 .text.clear_flags
                0x20006ec0       0x10 common/built-in.o
 .text.on_flags
                0x20006ed0       0x48 common/built-in.o
 .text.env_flags_parse_vartype
                0x20006f18       0x4c common/built-in.o
                0x20006f18                env_flags_parse_vartype
 .text.env_flags_parse_varaccess
                0x20006f64       0x54 common/built-in.o
                0x20006f64                env_flags_parse_varaccess
 .text.env_parse_flags_to_bin
                0x20006fb8       0x2c common/built-in.o
 .text.set_flags
                0x20006fe4       0x90 common/built-in.o
 .text.env_flags_init
                0x20007074       0xbc common/built-in.o
                0x20007074                env_flags_init
 .text.env_flags_validate
                0x20007130      0x334 common/built-in.o
                0x20007130                env_flags_validate
 .text.env_init
                0x20007464       0x1c common/built-in.o
                0x20007464                env_init
 .text.writeenv
                0x20007480       0xb4 common/built-in.o
                0x20007480                writeenv
 .text.saveenv  0x20007534      0x128 common/built-in.o
                0x20007534                saveenv
 .text.readenv  0x2000765c       0xc0 common/built-in.o
                0x2000765c                readenv
 .text.env_relocate_spec
                0x2000771c       0x50 common/built-in.o
                0x2000771c                env_relocate_spec
 .text.source   0x2000776c       0xdc common/built-in.o
                0x2000776c                source
 .text.do_source
                0x20007848       0x44 common/built-in.o
                0x20007848                do_source
 .text.do_bdinfo
                0x2000788c      0x1b0 common/built-in.o
                0x2000788c                do_bdinfo
 .text.parse_argv
                0x20007a3c       0x5c common/built-in.o
 .text.do_icache
                0x20007a98       0x90 common/built-in.o
                0x20007a98                do_icache
 .text.do_dcache
                0x20007b28       0x90 common/built-in.o
                0x20007b28                do_dcache
 .text.do_coninfo
                0x20007bb8       0xb8 common/built-in.o
 .text.do_echo  0x20007c70       0xc0 common/built-in.o
 .text.load_elf_image_shdr
                0x20007d30       0x90 common/built-in.o
 .text.do_bootelf_exec
                0x20007dc0       0x44 common/built-in.o
                0x20007dc0                do_bootelf_exec
 .text.valid_elf_image
                0x20007e04       0x4c common/built-in.o
                0x20007e04                valid_elf_image
 .text.do_bootvx
                0x20007e50      0x2a0 common/built-in.o
                0x20007e50                do_bootvx
 .text.do_bootelf
                0x200080f0      0x154 common/built-in.o
                0x200080f0                do_bootelf
 .text.do_exit  0x20008244       0x30 common/built-in.o
 .text.do_fat_fsinfo
                0x20008274       0x94 common/built-in.o
 .text.do_fat_ls
                0x20008308       0x14 common/built-in.o
 .text.do_fat_fsload
                0x2000831c       0x14 common/built-in.o
                0x2000831c                do_fat_fsload
 .text.evalexp  0x20008330       0x70 common/built-in.o
 .text.evalstr  0x200083a0       0x70 common/built-in.o
 .text.binary_test
                0x20008410      0x1bc common/built-in.o
 .text.do_itest
                0x200085cc       0x98 common/built-in.o
 .text.ktrans   0x20008664       0x20 common/built-in.o
 .text.bin_data_init
                0x20008684       0x2c common/built-in.o
 .text.bin_data_char
                0x200086b0       0x28 common/built-in.o
 .text.k_data_save
                0x200086d8       0x4c common/built-in.o
 .text.k_data_restore
                0x20008724       0x4c common/built-in.o
 .text.load_serial_ymodem
                0x20008770       0xdc common/built-in.o
 .text.getcxmodem
                0x2000884c       0x20 common/built-in.o
 .text.load_serial
                0x2000886c      0x1fc common/built-in.o
 .text.do_load_serial
                0x20008a68       0xdc common/built-in.o
 .text.s1_sendpacket.clone.0
                0x20008b44       0x50 common/built-in.o
 .text.chk1.clone.1
                0x20008b94       0x30 common/built-in.o
 .text.do_load_serial_bin
                0x20008bc4      0x774 common/built-in.o
 .text.do_mem_loop
                0x20009338       0xf4 common/built-in.o
 .text.do_mem_mw
                0x2000942c       0xb8 common/built-in.o
 .text.do_mem_base
                0x200094e4       0x44 common/built-in.o
 .text.do_mem_cmp
                0x20009528      0x15c common/built-in.o
 .text.do_mem_crc
                0x20009684       0x40 common/built-in.o
 .text.do_mem_cp
                0x200096c4       0xd4 common/built-in.o
 .text.do_mem_md
                0x20009798       0xe0 common/built-in.o
 .text.mod_mem.clone.2
                0x20009878      0x164 common/built-in.o
 .text.do_mem_nm
                0x200099dc        0x8 common/built-in.o
 .text.do_mem_mm
                0x200099e4        0x8 common/built-in.o
 .text.do_sleep
                0x200099ec       0x74 common/built-in.o
 .text.mtd_part_info
                0x20009a60       0x94 common/built-in.o
 .text.memsize_format
                0x20009af4       0xa0 common/built-in.o
 .text.index_partitions
                0x20009b94       0xb4 common/built-in.o
 .text.current_save
                0x20009c48       0xbc common/built-in.o
 .text.part_sort_add
                0x20009d04      0x168 common/built-in.o
 .text.part_delall
                0x20009e6c       0x44 common/built-in.o
 .text.device_del
                0x20009eb0       0x7c common/built-in.o
 .text.memsize_parse
                0x20009f2c       0x80 common/built-in.o
 .text.get_mtd_info
                0x20009fac       0x80 common/built-in.o
 .text.part_validate
                0x2000a02c      0x380 common/built-in.o
 .text.device_delall.clone.2
                0x2000a3ac       0x60 common/built-in.o
 .text.mtd_devices_init
                0x2000a40c       0x2c common/built-in.o
 .text.generate_mtdparts_save.clone.1
                0x2000a438      0x2fc common/built-in.o
 .text.device_find
                0x2000a734       0x50 common/built-in.o
                0x2000a734                device_find
 .text.device_parse
                0x2000a784      0x50c common/built-in.o
 .text.mtd_id_parse
                0x2000ac90      0x110 common/built-in.o
                0x2000ac90                mtd_id_parse
 .text.find_dev_and_part
                0x2000ada0      0x1b8 common/built-in.o
                0x2000ada0                find_dev_and_part
 .text.mtdparts_init
                0x2000af58      0x698 common/built-in.o
                0x2000af58                mtdparts_init
 .text.do_mtdparts
                0x2000b5f0      0x5b8 common/built-in.o
 .text.do_chpart
                0x2000bba8       0xd0 common/built-in.o
 .text.set_dev  0x2000bc78       0x70 common/built-in.o
 .text.nand_load_image
                0x2000bce8      0x1bc common/built-in.o
 .text.do_nandboot
                0x2000bea4      0x25c common/built-in.o
 .text.nand_print_and_set_info
                0x2000c100       0xd0 common/built-in.o
 .text.arg_off  0x2000c1d0      0x118 common/built-in.o
 .text.arg_off_size
                0x2000c2e8      0x168 common/built-in.o
 .text.do_nand  0x2000c450      0xce8 common/built-in.o
 .text.do_ping  0x2000d138       0x78 common/built-in.o
 .text.netboot_common
                0x2000d1b0      0x2b0 common/built-in.o
 .text.do_nfs   0x2000d460        0xc common/built-in.o
 .text.do_bootp
                0x2000d46c        0xc common/built-in.o
 .text.do_tftpb
                0x2000d478       0x40 common/built-in.o
                0x2000d478                do_tftpb
 .text.do_reginfo
                0x2000d4b8        0x8 common/built-in.o
 .text.do_false
                0x2000d4c0        0x8 common/built-in.o
 .text.do_true  0x2000d4c8        0x8 common/built-in.o
 .text.do_test  0x2000d4d0      0x340 common/built-in.o
 .text.do_imgextract
                0x2000d810      0x298 common/built-in.o
 .text.do_env_delete
                0x2000daa8       0x9c common/built-in.o
 .text.env_print
                0x2000db44       0xc8 common/built-in.o
 .text.do_env_print
                0x2000dc0c       0xd0 common/built-in.o
 .text.do_env   0x2000dcdc       0x60 common/built-in.o
 .text.do_env_import
                0x2000dd3c      0x270 common/built-in.o
 .text.do_env_default
                0x2000dfac       0xb8 common/built-in.o
 .text.do_env_save
                0x2000e064       0x2c common/built-in.o
 .text._do_env_set.clone.0
                0x2000e090      0x1c4 common/built-in.o
 .text.do_env_set
                0x2000e254       0x1c common/built-in.o
 .text.get_env_id
                0x2000e270       0x10 common/built-in.o
                0x2000e270                get_env_id
 .text.setenv   0x2000e280       0x5c common/built-in.o
                0x2000e280                setenv
 .text.setenv_ulong
                0x2000e2dc       0x20 common/built-in.o
                0x2000e2dc                setenv_ulong
 .text.setenv_hex
                0x2000e2fc       0x38 common/built-in.o
                0x2000e2fc                setenv_hex
 .text.do_env_export
                0x2000e334      0x264 common/built-in.o
 .text.envmatch
                0x2000e598       0x6c common/built-in.o
                0x2000e598                envmatch
 .text.getenv_f
                0x2000e604       0xbc common/built-in.o
                0x2000e604                getenv_f
 .text.getenv   0x2000e6c0       0x78 common/built-in.o
                0x2000e6c0                getenv
 .text.do_env_edit
                0x2000e738       0x74 common/built-in.o
 .text.getenv_ulong
                0x2000e7ac       0x30 common/built-in.o
                0x2000e7ac                getenv_ulong
 .text.__env_get_char_spec
                0x2000e7dc        0xc common/built-in.o
                0x2000e7dc                env_get_char_spec
 .text.env_get_addr
                0x2000e7e8       0x24 common/built-in.o
                0x2000e7e8                env_get_addr
 .text.env_get_char_memory
                0x2000e80c       0x10 common/built-in.o
                0x2000e80c                env_get_char_memory
 .text.env_get_char
                0x2000e81c       0x30 common/built-in.o
                0x2000e81c                env_get_char
 .text.getenv_yesno
                0x2000e84c       0x54 common/built-in.o
                0x2000e84c                getenv_yesno
 .text.getenv_default
                0x2000e8a0       0x30 common/built-in.o
                0x2000e8a0                getenv_default
 .text.set_default_env
                0x2000e8d0       0xb8 common/built-in.o
                0x2000e8d0                set_default_env
 .text.set_default_vars
                0x2000e988       0x34 common/built-in.o
                0x2000e988                set_default_vars
 .text.env_import
                0x2000e9bc       0xdc common/built-in.o
                0x2000e9bc                env_import
 .text.env_relocate
                0x2000ea98       0x30 common/built-in.o
                0x2000ea98                env_relocate
 .text.env_complete
                0x2000eac8       0xe8 common/built-in.o
                0x2000eac8                env_complete
 .text.console_setfile
                0x2000ebb0       0xa4 common/built-in.o
 .text.fgetc    0x2000ec54       0x2c common/built-in.o
                0x2000ec54                fgetc
 .text.ftstc    0x2000ec80       0x2c common/built-in.o
                0x2000ec80                ftstc
 .text.fputc    0x2000ecac       0x28 common/built-in.o
                0x2000ecac                fputc
 .text.fputs    0x2000ecd4       0x28 common/built-in.o
                0x2000ecd4                fputs
 .text.getc     0x2000ecfc       0x24 common/built-in.o
                0x2000ecfc                getc
 .text.tstc     0x2000ed20       0x24 common/built-in.o
                0x2000ed20                tstc
 .text.putc     0x2000ed44       0x28 common/built-in.o
                0x2000ed44                putc
 .text.puts     0x2000ed6c       0x28 common/built-in.o
                0x2000ed6c                puts
 .text.printf   0x2000ed94       0x50 common/built-in.o
                0x2000ed94                printf
 .text.vprintf  0x2000ede4       0x44 common/built-in.o
                0x2000ede4                vprintf
 .text.ctrlc    0x2000ee28       0x54 common/built-in.o
                0x2000ee28                ctrlc
 .text.had_ctrlc
                0x2000ee7c       0x10 common/built-in.o
                0x2000ee7c                had_ctrlc
 .text.clear_ctrlc
                0x2000ee8c       0x14 common/built-in.o
                0x2000ee8c                clear_ctrlc
 .text.search_device
                0x2000eea0       0x28 common/built-in.o
                0x2000eea0                search_device
 .text.console_assign
                0x2000eec8       0x40 common/built-in.o
                0x2000eec8                console_assign
 .text.on_console
                0x2000ef08       0xc4 common/built-in.o
 .text.console_init_f
                0x2000efcc       0x10 common/built-in.o
                0x2000efcc                console_init_f
 .text.stdio_print_current_devices
                0x2000efdc       0xb8 common/built-in.o
                0x2000efdc                stdio_print_current_devices
 .text.console_init_r
                0x2000f094       0xe0 common/built-in.o
                0x2000f094                console_init_r
 .text.sbrk     0x2000f174       0x6c common/built-in.o
                0x2000f174                sbrk
 .text.mem_malloc_init
                0x2000f1e0       0x34 common/built-in.o
                0x2000f1e0                mem_malloc_init
 .text.malloc_trim
                0x2000f214       0xd8 common/built-in.o
                0x2000f214                malloc_trim
 .text.free     0x2000f2ec      0x228 common/built-in.o
                0x2000f2ec                free
 .text.malloc   0x2000f514      0x5e0 common/built-in.o
                0x2000f514                malloc
 .text.calloc   0x2000faf4       0xe0 common/built-in.o
                0x2000faf4                calloc
 .text.memalign
                0x2000fbd4      0x110 common/built-in.o
                0x2000fbd4                memalign
 .text.realloc  0x2000fce4      0x450 common/built-in.o
                0x2000fce4                realloc
 .text.on_loadaddr
                0x20010134       0x38 common/built-in.o
 .text.image_check_hcrc
                0x2001016c       0x50 common/built-in.o
                0x2001016c                image_check_hcrc
 .text.image_check_dcrc
                0x200101bc       0x38 common/built-in.o
                0x200101bc                image_check_dcrc
 .text.image_multi_count
                0x200101f4       0x20 common/built-in.o
                0x200101f4                image_multi_count
 .text.image_multi_getimg
                0x20010214       0x7c common/built-in.o
                0x20010214                image_multi_getimg
 .text.getenv_bootm_low
                0x20010290       0x30 common/built-in.o
                0x20010290                getenv_bootm_low
 .text.getenv_bootm_size
                0x200102c0       0x5c common/built-in.o
                0x200102c0                getenv_bootm_size
 .text.memmove_wd
                0x2001031c        0xc common/built-in.o
                0x2001031c                memmove_wd
 .text.genimg_print_size
                0x20010328       0x30 common/built-in.o
                0x20010328                genimg_print_size
 .text.get_table_entry_name
                0x20010358       0x2c common/built-in.o
                0x20010358                get_table_entry_name
 .text.genimg_get_os_name
                0x20010384       0x18 common/built-in.o
                0x20010384                genimg_get_os_name
 .text.genimg_get_arch_name
                0x2001039c       0x18 common/built-in.o
                0x2001039c                genimg_get_arch_name
 .text.genimg_get_type_name
                0x200103b4       0x18 common/built-in.o
                0x200103b4                genimg_get_type_name
 .text.genimg_get_comp_name
                0x200103cc       0x18 common/built-in.o
                0x200103cc                genimg_get_comp_name
 .text.image_print_contents
                0x200103e4      0x170 common/built-in.o
                0x200103e4                image_print_contents
 .text.genimg_get_format
                0x20010554       0x20 common/built-in.o
                0x20010554                genimg_get_format
 .text.genimg_get_image
                0x20010574        0x4 common/built-in.o
                0x20010574                genimg_get_image
 .text.boot_get_ramdisk
                0x20010578      0x240 common/built-in.o
                0x20010578                boot_get_ramdisk
 .text.boot_ramdisk_high
                0x200107b8      0x12c common/built-in.o
                0x200107b8                boot_ramdisk_high
 .text.get_ram_size
                0x200108e4       0xf8 common/built-in.o
                0x200108e4                get_ram_size
 .text.get_effective_memsize
                0x200109dc        0x8 common/built-in.o
                0x200109dc                get_effective_memsize
 .text.stdio_get_list
                0x200109e4        0xc common/built-in.o
                0x200109e4                stdio_get_list
 .text.stdio_get_by_name
                0x200109f0       0x54 common/built-in.o
                0x200109f0                stdio_get_by_name
 .text.stdio_clone
                0x20010a44       0x38 common/built-in.o
                0x20010a44                stdio_clone
 .text.stdio_register
                0x20010a7c       0x44 common/built-in.o
                0x20010a7c                stdio_register
 .text.stdio_init
                0x20010ac0       0x90 common/built-in.o
                0x20010ac0                stdio_init
 .text.get_device
                0x20010b50       0x54 disk/built-in.o
                0x20010b50                get_device
 .text.get_device_and_partition
                0x20010ba4      0x290 disk/built-in.o
                0x20010ba4                get_device_and_partition
 .text.add_mtd_device
                0x20010e34       0x8c drivers/mtd/built-in.o
                0x20010e34                add_mtd_device
 .text.get_mtd_device_nm
                0x20010ec0       0x74 drivers/mtd/built-in.o
                0x20010ec0                get_mtd_device_nm
 .text.mtd_erase
                0x20010f34       0xa8 drivers/mtd/built-in.o
                0x20010f34                mtd_erase
 .text.mtd_read
                0x20010fdc       0xa8 drivers/mtd/built-in.o
                0x20010fdc                mtd_read
 .text.mtd_write
                0x20011084       0xa4 drivers/mtd/built-in.o
                0x20011084                mtd_write
 .text.mtd_read_oob
                0x20011128       0x30 drivers/mtd/built-in.o
                0x20011128                mtd_read_oob
 .text.mtd_block_isbad
                0x20011158       0x4c drivers/mtd/built-in.o
                0x20011158                mtd_block_isbad
 .text.mtd_block_markbad
                0x200111a4       0x5c drivers/mtd/built-in.o
                0x200111a4                mtd_block_markbad
 .text.part_erase
                0x20011200       0x6c drivers/mtd/built-in.o
 .text.mtd_erase_callback
                0x2001126c       0x68 drivers/mtd/built-in.o
                0x2001126c                mtd_erase_callback
 .text.nand_register
                0x200112d4       0x9c drivers/mtd/nand/built-in.o
                0x200112d4                nand_register
 .text.nand_init
                0x20011370       0x88 drivers/mtd/nand/built-in.o
                0x20011370                nand_init
 .text.read_bbt
                0x200113f8      0x1e4 drivers/mtd/nand/built-in.o
 .text.read_abs_bbt
                0x200115dc       0xcc drivers/mtd/nand/built-in.o
 .text.scan_read_oob
                0x200116a8       0xc4 drivers/mtd/nand/built-in.o
 .text.scan_read
                0x2001176c       0x64 drivers/mtd/nand/built-in.o
 .text.write_bbt
                0x200117d0      0x69c drivers/mtd/nand/built-in.o
 .text.verify_bbt_descr
                0x20011e6c      0x138 drivers/mtd/nand/built-in.o
 .text.check_pattern
                0x20011fa4       0xa8 drivers/mtd/nand/built-in.o
 .text.search_bbt
                0x2001204c      0x1bc drivers/mtd/nand/built-in.o
 .text.create_bbt
                0x20012208      0x308 drivers/mtd/nand/built-in.o
 .text.nand_update_bbt
                0x20012510      0x120 drivers/mtd/nand/built-in.o
                0x20012510                nand_update_bbt
 .text.mark_bbt_region
                0x20012630      0x174 drivers/mtd/nand/built-in.o
 .text.nand_scan_bbt
                0x200127a4      0x508 drivers/mtd/nand/built-in.o
                0x200127a4                nand_scan_bbt
 .text.nand_default_bbt
                0x20012cac      0x104 drivers/mtd/nand/built-in.o
                0x20012cac                nand_default_bbt
 .text.nand_isbad_bbt
                0x20012db0       0x54 drivers/mtd/nand/built-in.o
                0x20012db0                nand_isbad_bbt
 .text.check_skip_len
                0x20012e04       0xcc drivers/mtd/nand/built-in.o
 .text.nand_erase_opts
                0x20012ed0      0x368 drivers/mtd/nand/built-in.o
                0x20012ed0                nand_erase_opts
 .text.nand_write_skip_bad
                0x20013238      0x3e4 drivers/mtd/nand/built-in.o
                0x20013238                nand_write_skip_bad
 .text.nand_read_skip_bad
                0x2001361c      0x278 drivers/mtd/nand/built-in.o
                0x2001361c                nand_read_skip_bad
 .text.nand_calculate_ecc
                0x20013894       0xf0 drivers/mtd/nand/built-in.o
                0x20013894                nand_calculate_ecc
 .text.nand_correct_data
                0x20013984      0x11c drivers/mtd/nand/built-in.o
                0x20013984                nand_correct_data
 .text.nand_release_device
                0x20013aa0       0x18 drivers/mtd/nand/built-in.o
 .text.nand_read_byte
                0x20013ab8       0x10 drivers/mtd/nand/built-in.o
                0x20013ab8                nand_read_byte
 .text.nand_read_byte16
                0x20013ac8       0x14 drivers/mtd/nand/built-in.o
 .text.nand_read_word
                0x20013adc       0x10 drivers/mtd/nand/built-in.o
 .text.nand_write_buf
                0x20013aec       0x2c drivers/mtd/nand/built-in.o
                0x20013aec                nand_write_buf
 .text.nand_read_buf
                0x20013b18       0x28 drivers/mtd/nand/built-in.o
                0x20013b18                nand_read_buf
 .text.nand_verify_buf
                0x20013b40       0x40 drivers/mtd/nand/built-in.o
 .text.nand_write_buf16
                0x20013b80       0x30 drivers/mtd/nand/built-in.o
                0x20013b80                nand_write_buf16
 .text.nand_read_buf16
                0x20013bb0       0x2c drivers/mtd/nand/built-in.o
                0x20013bb0                nand_read_buf16
 .text.nand_verify_buf16
                0x20013bdc       0x44 drivers/mtd/nand/built-in.o
 .text.nand_check_wp
                0x20013c20       0x50 drivers/mtd/nand/built-in.o
 .text.nand_read_page_raw
                0x20013c70       0x44 drivers/mtd/nand/built-in.o
 .text.nand_read_page_raw_syndrome
                0x20013cb4       0xd4 drivers/mtd/nand/built-in.o
 .text.nand_read_page_swecc
                0x20013d88      0x124 drivers/mtd/nand/built-in.o
 .text.nand_read_subpage
                0x20013eac      0x278 drivers/mtd/nand/built-in.o
 .text.nand_read_page_hwecc
                0x20014124      0x138 drivers/mtd/nand/built-in.o
 .text.nand_read_page_hwecc_oob_first
                0x2001425c      0x138 drivers/mtd/nand/built-in.o
 .text.nand_read_page_syndrome
                0x20014394      0x124 drivers/mtd/nand/built-in.o
 .text.nand_read_oob_std
                0x200144b8       0x3c drivers/mtd/nand/built-in.o
 .text.nand_read_oob_syndrome
                0x200144f4      0x104 drivers/mtd/nand/built-in.o
 .text.nand_write_oob_std
                0x200145f8       0x70 drivers/mtd/nand/built-in.o
 .text.nand_write_oob_syndrome
                0x20014668      0x1b4 drivers/mtd/nand/built-in.o
 .text.nand_write_page_raw
                0x2001481c       0x44 drivers/mtd/nand/built-in.o
 .text.nand_write_page_raw_syndrome
                0x20014860       0xd4 drivers/mtd/nand/built-in.o
 .text.nand_write_page_swecc
                0x20014934       0xb4 drivers/mtd/nand/built-in.o
 .text.nand_write_page_hwecc
                0x200149e8       0xc4 drivers/mtd/nand/built-in.o
 .text.nand_write_page_syndrome
                0x20014aac       0xf4 drivers/mtd/nand/built-in.o
 .text.single_erase_cmd
                0x20014ba0       0x3c drivers/mtd/nand/built-in.o
 .text.multi_erase_cmd
                0x20014bdc       0x8c drivers/mtd/nand/built-in.o
 .text.nand_sync
                0x20014c68       0x10 drivers/mtd/nand/built-in.o
 .text.nand_onfi_set_features
                0x20014c78       0x64 drivers/mtd/nand/built-in.o
 .text.nand_write_page
                0x20014cdc       0xbc drivers/mtd/nand/built-in.o
 .text.nand_block_bad
                0x20014d98      0x19c drivers/mtd/nand/built-in.o
 .text.nand_select_chip
                0x20014f34       0x74 drivers/mtd/nand/built-in.o
 .text.nand_block_checkbad
                0x20014fa8       0x80 drivers/mtd/nand/built-in.o
 .text.nand_block_isbad
                0x20015028       0x1c drivers/mtd/nand/built-in.o
 .text.nand_block_markbad
                0x20015044       0x3c drivers/mtd/nand/built-in.o
 .text.nand_onfi_get_features
                0x20015080       0x6c drivers/mtd/nand/built-in.o
 .text.nand_fill_oob
                0x200150ec      0x11c drivers/mtd/nand/built-in.o
 .text.nand_do_write_oob
                0x20015208      0x19c drivers/mtd/nand/built-in.o
 .text.nand_do_write_ops
                0x200153a4      0x37c drivers/mtd/nand/built-in.o
 .text.nand_write_oob
                0x20015720       0xa8 drivers/mtd/nand/built-in.o
 .text.nand_write
                0x200157c8       0x64 drivers/mtd/nand/built-in.o
 .text.nand_transfer_oob
                0x2001582c      0x104 drivers/mtd/nand/built-in.o
 .text.nand_do_read_ops
                0x20015930      0x3c4 drivers/mtd/nand/built-in.o
 .text.nand_read_oob
                0x20015cf4      0x294 drivers/mtd/nand/built-in.o
 .text.nand_read
                0x20015f88       0x64 drivers/mtd/nand/built-in.o
 .text.nand_wait
                0x20015fec       0xd4 drivers/mtd/nand/built-in.o
 .text.nand_wait_ready
                0x200160c0       0x4c drivers/mtd/nand/built-in.o
                0x200160c0                nand_wait_ready
 .text.nand_command
                0x2001610c      0x1e0 drivers/mtd/nand/built-in.o
 .text.nand_command_lp
                0x200162ec      0x268 drivers/mtd/nand/built-in.o
 .text.nand_erase_nand
                0x20016554      0x358 drivers/mtd/nand/built-in.o
                0x20016554                nand_erase_nand
 .text.nand_erase
                0x200168ac        0x8 drivers/mtd/nand/built-in.o
 .text.nand_default_block_markbad
                0x200168b4      0x1c0 drivers/mtd/nand/built-in.o
 .text.nand_scan_ident
                0x20016a74      0x90c drivers/mtd/nand/built-in.o
                0x20016a74                nand_scan_ident
 .text.nand_scan_tail
                0x20017380      0x60c drivers/mtd/nand/built-in.o
                0x20017380                nand_scan_tail
 .text.nand_scan
                0x2001798c       0x3c drivers/mtd/nand/built-in.o
                0x2001798c                nand_scan
 .text.s5pv210_hwcontrol
                0x200179c8       0x88 drivers/mtd/nand/built-in.o
 .text.s5pv210_dev_ready
                0x20017a50       0x14 drivers/mtd/nand/built-in.o
 .text.s5pv210_nand_read_page_hwecc
                0x20017a64       0x40 drivers/mtd/nand/built-in.o
 .text.s5pv210_nand_correct_data
                0x20017aa4       0x50 drivers/mtd/nand/built-in.o
 .text.s5pv210_nand_calculate_ecc
                0x20017af4      0x120 drivers/mtd/nand/built-in.o
 .text.s5pv210_nand_enable_hwecc
                0x20017c14       0xe0 drivers/mtd/nand/built-in.o
                0x20017c14                s5pv210_nand_enable_hwecc
 .text.s5pv210_nand_select_chip
                0x20017cf4       0x68 drivers/mtd/nand/built-in.o
 .text.board_nand_init
                0x20017d5c      0x118 drivers/mtd/nand/built-in.o
                0x20017d5c                board_nand_init
 .text.dm9000_outblk_8bit
                0x20017e74       0x24 drivers/net/built-in.o
 .text.dm9000_outblk_16bit
                0x20017e98       0x30 drivers/net/built-in.o
 .text.dm9000_outblk_32bit
                0x20017ec8       0x34 drivers/net/built-in.o
 .text.dm9000_inblk_8bit
                0x20017efc       0x24 drivers/net/built-in.o
 .text.dm9000_inblk_16bit
                0x20017f20       0x30 drivers/net/built-in.o
 .text.dm9000_inblk_32bit
                0x20017f50       0x34 drivers/net/built-in.o
 .text.dm9000_rx_status_32bit
                0x20017f84       0x20 drivers/net/built-in.o
 .text.dm9000_rx_status_16bit
                0x20017fa4       0x20 drivers/net/built-in.o
 .text.dm9000_rx_status_8bit
                0x20017fc4       0x30 drivers/net/built-in.o
 .text.dm9000_reset
                0x20017ff4       0xbc drivers/net/built-in.o
 .text.dm9000_rx
                0x200180b0      0x158 drivers/net/built-in.o
 .text.dm9000_halt
                0x20018208       0x84 drivers/net/built-in.o
 .text.dm9000_phy_read
                0x2001828c       0x5c drivers/net/built-in.o
 .text.dm9000_init
                0x200182e8      0x37c drivers/net/built-in.o
 .text.dm9000_send
                0x20018664       0xd8 drivers/net/built-in.o
 .text.dm9000_initialize
                0x2001873c       0x60 drivers/net/built-in.o
                0x2001873c                dm9000_initialize
 .text.get_current
                0x2001879c       0x3c drivers/serial/built-in.o
 .text.serial_null
                0x200187d8        0x4 drivers/serial/built-in.o
                0x200187d8                jz_serial_initialize
                0x200187d8                bfin_serial_initialize
                0x200187d8                p3mx_serial_initialize
                0x200187d8                leon2_serial_initialize
                0x200187d8                leon3_serial_initialize
                0x200187d8                amirix_serial_initialize
                0x200187d8                marvell_serial_initialize
                0x200187d8                cpci750_serial_initialize
                0x200187d8                ns16550_serial_initialize
                0x200187d8                asc_serial_initialize
                0x200187d8                altera_serial_initialize
                0x200187d8                oc_serial_initialize
                0x200187d8                sh_serial_initialize
                0x200187d8                mxs_auart_initialize
                0x200187d8                arm_dcc_initialize
                0x200187d8                bmw_serial_initialize
                0x200187d8                arc_serial_initialize
                0x200187d8                mcf_serial_initialize
                0x200187d8                lh7a40x_serial_initialize
                0x200187d8                evb64260_serial_initialize
                0x200187d8                lpc32xx_serial_initialize
                0x200187d8                max3100_serial_initialize
                0x200187d8                mpc85xx_serial_initialize
                0x200187d8                imx_serial_initialize
                0x200187d8                bfin_jtag_initialize
                0x200187d8                cogent_serial_initialize
                0x200187d8                clps7111_serial_initialize
                0x200187d8                ml2_serial_initialize
                0x200187d8                sandbox_serial_initialize
                0x200187d8                s3c24xx_serial_initialize
                0x200187d8                sconsole_serial_initialize
                0x200187d8                uartlite_serial_initialize
                0x200187d8                au1x00_serial_initialize
                0x200187d8                pxa_serial_initialize
                0x200187d8                atmel_serial_initialize
                0x200187d8                pl01x_serial_initialize
                0x200187d8                altera_jtag_serial_initialize
                0x200187d8                zynq_serial_initalize
                0x200187d8                mpc512x_serial_initialize
                0x200187d8                ks8695_serial_initialize
                0x200187d8                sa1100_serial_initialize
                0x200187d8                mpc8260_scc_serial_initialize
                0x200187d8                mxc_serial_initialize
                0x200187d8                iop480_serial_initialize
                0x200187d8                mpc8xx_serial_initialize
                0x200187d8                mpc8260_smc_serial_initialize
                0x200187d8                mpc5xx_serial_initialize
 .text.serial_register
                0x200187dc       0x18 drivers/serial/built-in.o
                0x200187dc                serial_register
 .text.serial_stdio_init
                0x200187f4       0x90 drivers/serial/built-in.o
                0x200187f4                serial_stdio_init
 .text.serial_assign
                0x20018884       0x50 drivers/serial/built-in.o
                0x20018884                serial_assign
 .text.serial_initialize
                0x200188d4       0xd0 drivers/serial/built-in.o
                0x200188d4                serial_initialize
 .text.serial_init
                0x200189a4       0x14 drivers/serial/built-in.o
                0x200189a4                serial_init
 .text.serial_setbrg
                0x200189b8       0x14 drivers/serial/built-in.o
                0x200189b8                serial_setbrg
 .text.on_baudrate
                0x200189cc      0x108 drivers/serial/built-in.o
 .text.serial_getc
                0x20018ad4       0x14 drivers/serial/built-in.o
                0x20018ad4                serial_getc
 .text.serial_tstc
                0x20018ae8       0x14 drivers/serial/built-in.o
                0x20018ae8                serial_tstc
 .text.serial_putc
                0x20018afc       0x1c drivers/serial/built-in.o
                0x20018afc                serial_putc
 .text.serial_puts
                0x20018b18       0x1c drivers/serial/built-in.o
                0x20018b18                serial_puts
 .text.serial_getc_dev
                0x20018b34       0x48 drivers/serial/built-in.o
 .text.serial_tstc_dev
                0x20018b7c       0x34 drivers/serial/built-in.o
 .text.s5p_serial0_getc
                0x20018bb0        0x8 drivers/serial/built-in.o
 .text.s5p_serial0_tstc
                0x20018bb8        0x8 drivers/serial/built-in.o
 .text.s5p_serial1_getc
                0x20018bc0        0x8 drivers/serial/built-in.o
 .text.s5p_serial1_tstc
                0x20018bc8        0x8 drivers/serial/built-in.o
 .text.s5p_serial2_getc
                0x20018bd0        0x8 drivers/serial/built-in.o
 .text.s5p_serial2_tstc
                0x20018bd8        0x8 drivers/serial/built-in.o
 .text.s5p_serial3_getc
                0x20018be0        0x8 drivers/serial/built-in.o
 .text.s5p_serial3_tstc
                0x20018be8        0x8 drivers/serial/built-in.o
 .text.serial_putc_dev
                0x20018bf0       0x50 drivers/serial/built-in.o
 .text.serial_puts_dev
                0x20018c40       0x28 drivers/serial/built-in.o
 .text.s5p_serial3_puts
                0x20018c68        0x8 drivers/serial/built-in.o
 .text.s5p_serial2_puts
                0x20018c70        0x8 drivers/serial/built-in.o
 .text.s5p_serial1_puts
                0x20018c78        0x8 drivers/serial/built-in.o
 .text.s5p_serial0_puts
                0x20018c80        0x8 drivers/serial/built-in.o
 .text.s5p_serial3_putc
                0x20018c88        0x8 drivers/serial/built-in.o
 .text.s5p_serial2_putc
                0x20018c90        0x8 drivers/serial/built-in.o
 .text.s5p_serial1_putc
                0x20018c98        0x8 drivers/serial/built-in.o
 .text.s5p_serial0_putc
                0x20018ca0        0x8 drivers/serial/built-in.o
 .text.serial_setbrg_dev
                0x20018ca8       0x5c drivers/serial/built-in.o
 .text.s5p_serial3_setbrg
                0x20018d04        0x8 drivers/serial/built-in.o
 .text.serial_init_dev
                0x20018d0c       0x38 drivers/serial/built-in.o
 .text.s5p_serial3_init
                0x20018d44        0x8 drivers/serial/built-in.o
 .text.s5p_serial2_init
                0x20018d4c        0x8 drivers/serial/built-in.o
 .text.s5p_serial1_init
                0x20018d54        0x8 drivers/serial/built-in.o
 .text.s5p_serial0_init
                0x20018d5c        0x8 drivers/serial/built-in.o
 .text.s5p_serial2_setbrg
                0x20018d64        0x8 drivers/serial/built-in.o
 .text.s5p_serial1_setbrg
                0x20018d6c        0x8 drivers/serial/built-in.o
 .text.s5p_serial0_setbrg
                0x20018d74        0x8 drivers/serial/built-in.o
 .text.default_serial_console
                0x20018d7c       0x1c drivers/serial/built-in.o
                0x20018d7c                default_serial_console
 .text.s5p_serial_initialize
                0x20018d98       0x38 drivers/serial/built-in.o
                0x20018d98                s5p_serial_initialize
 .text.fs_ls_unsupported
                0x20018dd0        0x8 fs/built-in.o
 .text.fs_exists_unsupported
                0x20018dd8        0x8 fs/built-in.o
 .text.fs_read_unsupported
                0x20018de0        0x8 fs/built-in.o
 .text.fs_write_unsupported
                0x20018de8        0x8 fs/built-in.o
 .text.fs_close_unsupported
                0x20018df0        0x4 fs/built-in.o
 .text.fs_get_info
                0x20018df4       0x20 fs/built-in.o
 .text.fs_close
                0x20018e14       0x28 fs/built-in.o
 .text.fs_probe_unsupported
                0x20018e3c       0x18 fs/built-in.o
 .text.fs_set_blk_dev
                0x20018e54       0xb0 fs/built-in.o
                0x20018e54                fs_set_blk_dev
 .text.fs_ls    0x20018f04       0x3c fs/built-in.o
                0x20018f04                fs_ls
 .text.fs_exists
                0x20018f40       0x34 fs/built-in.o
                0x20018f40                fs_exists
 .text.fs_read  0x20018f74       0x80 fs/built-in.o
                0x20018f74                fs_read
 .text.do_load  0x20018ff4      0x1cc fs/built-in.o
                0x20018ff4                do_load
 .text.do_ls    0x200191c0       0x6c fs/built-in.o
                0x200191c0                do_ls
 .text.file_exists
                0x2001922c       0x2c fs/built-in.o
                0x2001922c                file_exists
 .text.downcase
                0x20019258       0x30 fs/built-in.o
 .text.disk_read
                0x20019288       0x5c fs/built-in.o
 .text.dirdelim
                0x200192e4       0x34 fs/built-in.o
 .text.get_fatent
                0x20019318      0x16c fs/built-in.o
 .text.slot2str
                0x20019484       0xd0 fs/built-in.o
 .text.mkcksum  0x20019554       0x54 fs/built-in.o
 .text.get_name
                0x200195a8       0xb8 fs/built-in.o
 .text.read_bootsectandvi
                0x20019660      0x128 fs/built-in.o
 .text.get_cluster
                0x20019788      0x174 fs/built-in.o
 .text.get_vfatname
                0x200198fc      0x1bc fs/built-in.o
 .text.fat_set_blk_dev
                0x20019ab8       0xcc fs/built-in.o
                0x20019ab8                fat_set_blk_dev
 .text.do_fat_read_at
                0x20019b84      0xb74 fs/built-in.o
                0x20019b84                do_fat_read_at
 .text.do_fat_read
                0x2001a6f8       0x28 fs/built-in.o
                0x2001a6f8                do_fat_read
 .text.file_fat_detectfs
                0x2001a720       0x90 fs/built-in.o
                0x2001a720                file_fat_detectfs
 .text.file_fat_ls
                0x2001a7b0       0x10 fs/built-in.o
                0x2001a7b0                file_fat_ls
 .text.fat_exists
                0x2001a7c0       0x2c fs/built-in.o
                0x2001a7c0                fat_exists
 .text.file_fat_read_at
                0x2001a7ec       0x48 fs/built-in.o
                0x2001a7ec                file_fat_read_at
 .text.fat_read_file
                0x2001a834       0x3c fs/built-in.o
                0x2001a834                fat_read_file
 .text.fat_close
                0x2001a870        0x4 fs/built-in.o
                0x2001a870                fat_close
 .text.zcfree   0x2001a874        0x8 lib/built-in.o
                0x2001a874                zcfree
 .text.zcalloc  0x2001a87c        0x8 lib/built-in.o
                0x2001a87c                zcalloc
 .text.inflate_fast
                0x2001a884      0x574 lib/built-in.o
                0x2001a884                inflate_fast
 .text.inflate_table
                0x2001adf8      0x568 lib/built-in.o
                0x2001adf8                inflate_table
 .text.inflateReset
                0x2001b360       0x80 lib/built-in.o
                0x2001b360                inflateReset
 .text.inflateInit2_
                0x2001b3e0      0x104 lib/built-in.o
                0x2001b3e0                inflateInit2_
 .text.inflateEnd
                0x2001b4e4       0x6c lib/built-in.o
                0x2001b4e4                inflateEnd
 .text.adler32  0x2001b550      0x2e8 lib/built-in.o
                0x2001b550                adler32
 .text.inflate  0x2001b838     0x1674 lib/built-in.o
                0x2001b838                inflate
 .text.cyg_crc16
                0x2001ceac       0x44 lib/built-in.o
                0x2001ceac                cyg_crc16
 .text.gzfree   0x2001cef0        0x8 lib/built-in.o
                0x2001cef0                gzfree
 .text.gzalloc  0x2001cef8       0x10 lib/built-in.o
                0x2001cef8                gzalloc
 .text.zunzip   0x2001cf08      0x124 lib/built-in.o
                0x2001cf08                zunzip
 .text.gunzip   0x2001d02c       0xac lib/built-in.o
                0x2001d02c                gunzip
 .text.lmb_add_region
                0x2001d0d8      0x1b8 lib/built-in.o
 .text.lmb_init
                0x2001d290       0x28 lib/built-in.o
                0x2001d290                lmb_init
 .text.lmb_add  0x2001d2b8        0x4 lib/built-in.o
                0x2001d2b8                lmb_add
 .text.lmb_reserve
                0x2001d2bc        0x8 lib/built-in.o
                0x2001d2bc                lmb_reserve
 .text.lmb_overlaps_region
                0x2001d2c4       0x54 lib/built-in.o
                0x2001d2c4                lmb_overlaps_region
 .text.__lmb_alloc_base
                0x2001d318      0x130 lib/built-in.o
                0x2001d318                __lmb_alloc_base
 .text.lmb_alloc_base
                0x2001d448       0x34 lib/built-in.o
                0x2001d448                lmb_alloc_base
 .text.lmb_alloc
                0x2001d47c        0x8 lib/built-in.o
                0x2001d47c                lmb_alloc
 .text.__board_lmb_reserve
                0x2001d484        0x4 lib/built-in.o
                0x2001d484                board_lmb_reserve
                0x2001d484                __board_lmb_reserve
 .text.string_to_ip
                0x2001d488       0x68 lib/built-in.o
                0x2001d488                string_to_ip
 .text.qsort    0x2001d4f0       0xec lib/built-in.o
                0x2001d4f0                qsort
 .text.strcmp_compar
                0x2001d5dc        0xc lib/built-in.o
                0x2001d5dc                strcmp_compar
 .text.strmhz   0x2001d5e8       0x6c lib/built-in.o
                0x2001d5e8                strmhz
 .text.drop_var_from_set
                0x2001d654       0x5c lib/built-in.o
 .text.cmpkey   0x2001d6b0       0x14 lib/built-in.o
 .text.match_string.clone.1
                0x2001d6c4       0x64 lib/built-in.o
 .text.hcreate_r
                0x2001d728       0xac lib/built-in.o
                0x2001d728                hcreate_r
 .text.hdestroy_r
                0x2001d7d4       0x74 lib/built-in.o
                0x2001d7d4                hdestroy_r
 .text.hmatch_r
                0x2001d848       0xa0 lib/built-in.o
                0x2001d848                hmatch_r
 .text.hsearch_r
                0x2001d8e8      0x4e4 lib/built-in.o
                0x2001d8e8                hsearch_r
 .text.hdelete_r
                0x2001ddcc      0x11c lib/built-in.o
                0x2001ddcc                hdelete_r
 .text.hexport_r
                0x2001dee8      0x340 lib/built-in.o
                0x2001dee8                hexport_r
 .text.himport_r
                0x2001e228      0x328 lib/built-in.o
                0x2001e228                himport_r
 .text.hwalk_r  0x2001e550       0x58 lib/built-in.o
                0x2001e550                hwalk_r
 .text.print_size
                0x2001e5a8      0x12c lib/built-in.o
                0x2001e5a8                print_size
 .text.print_buffer
                0x2001e6d4      0x1ac lib/built-in.o
                0x2001e6d4                print_buffer
 .text.crc32_no_comp
                0x2001e880       0xe8 lib/built-in.o
                0x2001e880                crc32_no_comp
 .text.crc32    0x2001e968       0x14 lib/built-in.o
                0x2001e968                crc32
 .text.crc32_wd
                0x2001e97c        0x4 lib/built-in.o
                0x2001e97c                crc32_wd
 .text.__div64_32
                0x2001e980       0xfc lib/built-in.o
                0x2001e980                __div64_32
 .text.hang     0x2001ea7c       0x1c lib/built-in.o
                0x2001ea7c                hang
 .text.skip_spaces
                0x2001ea98       0x24 lib/built-in.o
                0x2001ea98                skip_spaces
 .text.strim    0x2001eabc       0x54 lib/built-in.o
                0x2001eabc                strim
 .text.check_bytes8
                0x2001eb10       0x30 lib/built-in.o
 .text.strcpy   0x2001eb40       0x1c lib/built-in.o
                0x2001eb40                strcpy
 .text.strncpy  0x2001eb5c       0x28 lib/built-in.o
                0x2001eb5c                strncpy
 .text.strcat   0x2001eb84       0x30 lib/built-in.o
                0x2001eb84                strcat
 .text.strncat  0x2001ebb4       0x50 lib/built-in.o
                0x2001ebb4                strncat
 .text.strcmp   0x2001ec04       0x30 lib/built-in.o
                0x2001ec04                strcmp
 .text.strncmp  0x2001ec34       0x48 lib/built-in.o
                0x2001ec34                strncmp
 .text.strchr   0x2001ec7c       0x34 lib/built-in.o
                0x2001ec7c                strchr
 .text.strlen   0x2001ecb0       0x1c lib/built-in.o
                0x2001ecb0                strlen
 .text.strnlen  0x2001eccc       0x28 lib/built-in.o
                0x2001eccc                strnlen
 .text.strdup   0x2001ecf4       0x34 lib/built-in.o
                0x2001ecf4                strdup
 .text.strpbrk  0x2001ed28       0x3c lib/built-in.o
                0x2001ed28                strpbrk
 .text.memset   0x2001ed64       0x68 lib/built-in.o
                0x2001ed64                memset
 .text.memcpy   0x2001edcc       0x74 lib/built-in.o
                0x2001edcc                memcpy
 .text.memmove  0x2001ee40       0x58 lib/built-in.o
                0x2001ee40                memmove
 .text.memcmp   0x2001ee98       0x38 lib/built-in.o
                0x2001ee98                memcmp
 .text.strstr   0x2001eed0       0x60 lib/built-in.o
                0x2001eed0                strstr
 .text.memchr_inv
                0x2001ef30       0xc8 lib/built-in.o
                0x2001ef30                memchr_inv
 .text.udelay   0x2001eff8       0x30 lib/built-in.o
                0x2001eff8                udelay
 .text.put_dec_trunc
                0x2001f028       0xc8 lib/built-in.o
 .text.put_dec  0x2001f0f0      0x11c lib/built-in.o
 .text.string.clone.0
                0x2001f20c       0x90 lib/built-in.o
 .text.number.clone.4
                0x2001f29c      0x21c lib/built-in.o
 .text.vsnprintf_internal.clone.6
                0x2001f4b8      0x66c lib/built-in.o
 .text.simple_strtoul
                0x2001fb24       0xac lib/built-in.o
                0x2001fb24                simple_strtoul
 .text.strict_strtoul
                0x2001fbd0       0x78 lib/built-in.o
                0x2001fbd0                strict_strtoul
 .text.simple_strtol
                0x2001fc48       0x28 lib/built-in.o
                0x2001fc48                simple_strtol
 .text.simple_strtoull
                0x2001fc70       0xd4 lib/built-in.o
                0x2001fc70                simple_strtoull
 .text.vsprintf
                0x2001fd44        0x4 lib/built-in.o
                0x2001fd44                vsprintf
 .text.sprintf  0x2001fd48       0x24 lib/built-in.o
                0x2001fd48                sprintf
 .text.panic    0x2001fd6c       0x44 lib/built-in.o
                0x2001fd6c                panic
 .text.simple_itoa
                0x2001fdb0       0x58 lib/built-in.o
                0x2001fdb0                simple_itoa
 .text.ArpInit  0x2001fe08       0x50 net/built-in.o
                0x2001fe08                ArpInit
 .text.arp_raw_request
                0x2001fe58       0xcc net/built-in.o
                0x2001fe58                arp_raw_request
 .text.ArpRequest
                0x2001ff24       0x8c net/built-in.o
                0x2001ff24                ArpRequest
 .text.ArpTimeoutCheck
                0x2001ffb0       0x80 net/built-in.o
                0x2001ffb0                ArpTimeoutCheck
 .text.ArpReceive
                0x20020030      0x21c net/built-in.o
                0x20020030                ArpReceive
 .text.BootpHandler
                0x2002024c      0x380 net/built-in.o
 .text.BootpRequest
                0x200205cc      0x1fc net/built-in.o
                0x200205cc                BootpRequest
 .text.BootpTimeout
                0x200207c8       0x44 net/built-in.o
 .text.__def_eth_init
                0x2002080c        0x8 net/built-in.o
                0x2002080c                cpu_eth_init
 .text.eth_current_changed
                0x20020814       0x5c net/built-in.o
 .text.eth_parse_enetaddr
                0x20020870       0x5c net/built-in.o
                0x20020870                eth_parse_enetaddr
 .text.eth_getenv_enetaddr
                0x200208cc       0x5c net/built-in.o
                0x200208cc                eth_getenv_enetaddr
 .text.eth_setenv_enetaddr
                0x20020928       0x38 net/built-in.o
                0x20020928                eth_setenv_enetaddr
 .text.eth_getenv_enetaddr_by_index
                0x20020960       0x54 net/built-in.o
                0x20020960                eth_getenv_enetaddr_by_index
 .text.eth_get_dev_by_index
                0x200209b4       0x44 net/built-in.o
                0x200209b4                eth_get_dev_by_index
 .text.eth_get_dev_index
                0x200209f8       0x1c net/built-in.o
                0x200209f8                eth_get_dev_index
 .text.eth_write_hwaddr
                0x20020a14      0x1dc net/built-in.o
                0x20020a14                eth_write_hwaddr
 .text.eth_register
                0x20020bf0       0x80 net/built-in.o
                0x20020bf0                eth_register
 .text.eth_initialize
                0x20020c70      0x1cc net/built-in.o
                0x20020c70                eth_initialize
 .text.eth_halt
                0x20020e3c       0x30 net/built-in.o
                0x20020e3c                eth_halt
 .text.eth_send
                0x20020e6c       0x38 net/built-in.o
                0x20020e6c                eth_send
 .text.eth_rx   0x20020ea4       0x2c net/built-in.o
                0x20020ea4                eth_rx
 .text.eth_try_another
                0x20020ed0       0x88 net/built-in.o
                0x20020ed0                eth_try_another
 .text.eth_init
                0x20020f58       0xc8 net/built-in.o
                0x20020f58                eth_init
 .text.eth_set_current
                0x20021020       0xac net/built-in.o
                0x20021020                eth_set_current
 .text.eth_get_name
                0x200210cc       0x20 net/built-in.o
                0x200210cc                eth_get_name
 .text.startAgainTimeout
                0x200210ec       0x14 net/built-in.o
 .text.dummy_handler
                0x20021100        0x4 net/built-in.o
 .text.net_auto_load
                0x20021104       0x64 net/built-in.o
                0x20021104                net_auto_load
 .text.net_set_udp_handler
                0x20021168       0x20 net/built-in.o
                0x20021168                net_set_udp_handler
 .text.net_get_arp_handler
                0x20021188       0x10 net/built-in.o
                0x20021188                net_get_arp_handler
 .text.net_set_arp_handler
                0x20021198       0x20 net/built-in.o
                0x20021198                net_set_arp_handler
 .text.NetSetTimeout
                0x200211b8       0x4c net/built-in.o
                0x200211b8                NetSetTimeout
 .text.NetStartAgain
                0x20021204      0x124 net/built-in.o
                0x20021204                NetStartAgain
 .text.net_clear_handlers
                0x20021328       0x24 net/built-in.o
 .text.NetCksum
                0x2002134c       0x34 net/built-in.o
                0x2002134c                NetCksum
 .text.NetCksumOk
                0x20021380       0x20 net/built-in.o
                0x20021380                NetCksumOk
 .text.NetReceive
                0x200213a0      0x29c net/built-in.o
                0x200213a0                NetReceive
 .text.NetEthHdrSize
                0x2002163c       0x3c net/built-in.o
                0x2002163c                NetEthHdrSize
 .text.NetSetEther
                0x20021678       0xa0 net/built-in.o
                0x20021678                NetSetEther
 .text.net_update_ether
                0x20021718       0x88 net/built-in.o
                0x20021718                net_update_ether
 .text.net_set_ip_header
                0x200217a0       0x88 net/built-in.o
                0x200217a0                net_set_ip_header
 .text.net_set_udp_header
                0x20021828       0xa8 net/built-in.o
                0x20021828                net_set_udp_header
 .text.NetSendUDPPacket
                0x200218d0      0x104 net/built-in.o
                0x200218d0                NetSendUDPPacket
 .text.copy_filename
                0x200219d4       0x44 net/built-in.o
                0x200219d4                copy_filename
 .text.on_bootfile
                0x20021a18       0x2c net/built-in.o
 .text.ip_to_string
                0x20021a44       0x34 net/built-in.o
                0x20021a44                ip_to_string
 .text.string_to_VLAN
                0x20021a78       0x4c net/built-in.o
                0x20021a78                string_to_VLAN
 .text.getenv_VLAN
                0x20021ac4       0x10 net/built-in.o
                0x20021ac4                getenv_VLAN
 .text.NetInitLoop
                0x20021ad4       0xf0 net/built-in.o
 .text.net_init
                0x20021bc4       0x70 net/built-in.o
                0x20021bc4                net_init
 .text.NetLoop  0x20021c34      0x33c net/built-in.o
                0x20021c34                NetLoop
 .text.basename
                0x20021f70       0x40 net/built-in.o
 .text.rpc_add_credentials
                0x20021fb0       0xc8 net/built-in.o
 .text.rpc_lookup_reply
                0x20022078       0xb0 net/built-in.o
 .text.nfs_mount_reply
                0x20022128       0xb4 net/built-in.o
 .text.nfs_umountall_reply
                0x200221dc       0x98 net/built-in.o
 .text.nfs_lookup_reply
                0x20022274       0xa4 net/built-in.o
 .text.rpc_req  0x20022318       0xfc net/built-in.o
 .text.rpc_lookup_req
                0x20022414       0x58 net/built-in.o
 .text.nfs_mount_req
                0x2002246c       0x90 net/built-in.o
 .text.nfs_umountall_req
                0x200224fc       0x60 net/built-in.o
 .text.nfs_lookup_req
                0x2002255c       0xa4 net/built-in.o
 .text.nfs_read_req
                0x20022600       0x78 net/built-in.o
 .text.nfs_readlink_req
                0x20022678       0x58 net/built-in.o
 .text.NfsSend  0x200226d0       0xa0 net/built-in.o
 .text.nfs_readlink_reply
                0x20022770      0x100 net/built-in.o
 .text.NfsTimeout
                0x20022870       0x64 net/built-in.o
 .text.nfs_read_reply.clone.0
                0x200228d4      0x140 net/built-in.o
 .text.NfsHandler
                0x20022a14      0x250 net/built-in.o
 .text.NfsStart
                0x20022c64      0x264 net/built-in.o
                0x20022c64                NfsStart
 .text.ping_timeout
                0x20022ec8       0x1c net/built-in.o
 .text.ping_start
                0x20022ee4      0x12c net/built-in.o
                0x20022ee4                ping_start
 .text.ping_receive
                0x20023010       0xec net/built-in.o
                0x20023010                ping_receive
 .text.TftpSend
                0x200230fc      0x1c0 net/built-in.o
 .text.TftpTimeout
                0x200232bc       0x88 net/built-in.o
 .text.TftpHandler
                0x20023344      0x3ac net/built-in.o
 .text.TftpStart
                0x200236f0      0x344 net/built-in.o
                0x200236f0                TftpStart
 .text.raise    0x20023a34       0x1c arch/arm/lib/eabi_compat.o
                0x20023a34                raise
 .text          0x20023a50      0x20c /usr/local/arm/4.5.1/bin/../lib/gcc/arm-none-linux-gnueabi/4.5.1/libgcc.a(_udivsi3.o)
                0x20023a50                __udivsi3
                0x20023a50                __aeabi_uidiv
                0x20023c3c                __aeabi_uidivmod
 .text          0x20023c5c      0x240 /usr/local/arm/4.5.1/bin/../lib/gcc/arm-none-linux-gnueabi/4.5.1/libgcc.a(_divsi3.o)
                0x20023c5c                __aeabi_idiv
                0x20023c5c                __divsi3
                0x20023e7c                __aeabi_idivmod
 .text          0x20023e9c       0x1c /usr/local/arm/4.5.1/bin/../lib/gcc/arm-none-linux-gnueabi/4.5.1/libgcc.a(_lshrdi3.o)
                0x20023e9c                __aeabi_llsr
                0x20023e9c                __lshrdi3
 .text          0x20023eb8       0x1c /usr/local/arm/4.5.1/bin/../lib/gcc/arm-none-linux-gnueabi/4.5.1/libgcc.a(_ashrdi3.o)
                0x20023eb8                __ashrdi3
                0x20023eb8                __aeabi_lasr
 .text          0x20023ed4       0x1c /usr/local/arm/4.5.1/bin/../lib/gcc/arm-none-linux-gnueabi/4.5.1/libgcc.a(_ashldi3.o)
                0x20023ed4                __ashldi3
                0x20023ed4                __aeabi_llsl
 .text          0x20023ef0       0x10 /usr/local/arm/4.5.1/bin/../lib/gcc/arm-none-linux-gnueabi/4.5.1/libgcc.a(_dvmd_lnx.o)
                0x20023ef0                __aeabi_ldiv0
                0x20023ef0                __aeabi_idiv0

.glue_7         0x20023f00        0x0
 .glue_7        0x00000000        0x0 linker stubs

.glue_7t        0x20023f00        0x0
 .glue_7t       0x00000000        0x0 linker stubs

.vfp11_veneer   0x20023f00        0x0
 .vfp11_veneer  0x00000000        0x0 linker stubs

.v4_bx          0x20023f00        0x0
 .v4_bx         0x00000000        0x0 linker stubs
                0x20023f00                . = ALIGN (0x4)

.rodata         0x20023f00     0x9050
 *(SORT(.rodata*))
 .rodata.location.4449
                0x20023f00       0x30 common/built-in.o
 .rodata.C.0.4635
                0x20023f30       0x80 arch/arm/lib/built-in.o
 .rodata.CSWTCH.13
                0x20023fb0       0x20 common/built-in.o
 .rodata.CSWTCH.38
                0x20023fd0       0x58 common/built-in.o
 .rodata.__FUNCTION__.4278
                0x20024028       0x14 drivers/mtd/nand/built-in.o
 .rodata.__FUNCTION__.4339
                0x2002403c        0xc drivers/mtd/nand/built-in.o
 .rodata.__FUNCTION__.4372
                0x20024048       0x1c drivers/mtd/nand/built-in.o
 .rodata.__FUNCTION__.4386
                0x20024064       0x1c common/built-in.o
 .rodata.__FUNCTION__.4488
                0x20024080       0x14 drivers/mtd/nand/built-in.o
 .rodata.__FUNCTION__.4637
                0x20024094       0x14 drivers/mtd/nand/built-in.o
 .rodata.__FUNCTION__.4889
                0x200240a8       0x10 drivers/mtd/nand/built-in.o
 .rodata.__FUNCTION__.5136
                0x200240b8       0x10 drivers/mtd/nand/built-in.o
 .rodata.__func__.3517
                0x200240c8       0x18 arch/arm/cpu/armv7/built-in.o
 .rodata.__func__.3642
                0x200240e0       0x10 common/built-in.o
 .rodata.__func__.3653
                0x200240f0        0xc common/built-in.o
 .rodata.__func__.3822
                0x200240fc       0x10 common/built-in.o
 .rodata.__func__.3856
                0x2002410c       0x10 common/built-in.o
 .rodata.__func__.4450
                0x2002411c        0x8 common/built-in.o
 .rodata.__func__.4489
                0x20024124        0xc common/built-in.o
 .rodata._ctype
                0x20024130      0x100 lib/built-in.o
                0x20024130                _ctype
 .rodata.boot_os
                0x20024230       0x60 common/built-in.o
 .rodata.crc16_tab
                0x20024290      0x200 lib/built-in.o
 .rodata.crc_table
                0x20024490      0x400 lib/built-in.o
 .rodata.dbase.3812
                0x20024890       0x40 lib/built-in.o
 .rodata.default_environment
                0x200248d0      0x784 common/built-in.o
                0x200248d0                default_environment
 .rodata.delims.3521
                0x20025054        0x4 common/built-in.o
 .rodata.dext.3813
                0x20025058       0x40 lib/built-in.o
 .rodata.distfix
                0x20025098       0x80 lib/built-in.o
 .rodata.env_flags_varaccess_mask
                0x20025118       0x10 common/built-in.o
 .rodata.env_flags_varaccess_rep
                0x20025128        0x8 common/built-in.o
 .rodata.env_flags_vartype_rep
                0x20025130        0x8 common/built-in.o
 .rodata.erase_seq
                0x20025138        0x4 common/built-in.o
 .rodata.lbase.3810
                0x2002513c       0x40 lib/built-in.o
 .rodata.lenfix
                0x2002517c      0x800 lib/built-in.o
 .rodata.lext.3811
                0x2002597c       0x40 lib/built-in.o
 .rodata.names.3425
                0x200259bc        0x8 lib/built-in.o
 .rodata.nand_ecc_precalc_table
                0x200259c4      0x100 drivers/mtd/nand/built-in.o
 .rodata.nand_flash_ids
                0x20025ac4      0x6d8 drivers/mtd/nand/built-in.o
                0x20025ac4                nand_flash_ids
 .rodata.nand_manuf_ids
                0x2002619c       0x60 drivers/mtd/nand/built-in.o
                0x2002619c                nand_manuf_ids
 .rodata.op_adv
                0x200261fc      0x100 common/built-in.o
                0x200261fc                op_adv
 .rodata.op_table
                0x200262fc       0x68 common/built-in.o
 .rodata.order.3906
                0x20026364       0x28 lib/built-in.o
 .rodata.tab_seq
                0x2002638c        0xc common/built-in.o
 .rodata.udivslot
                0x20026398       0x40 drivers/serial/built-in.o
 .rodata.uimage_arch
                0x200263d8      0x120 common/built-in.o
 .rodata.uimage_comp
                0x200264f8       0x48 common/built-in.o
 .rodata.uimage_os
                0x20026540       0x78 common/built-in.o
 .rodata.uimage_type
                0x200265b8       0xd8 common/built-in.o
 .rodata.version_string
                0x20026690       0x38 common/built-in.o
                0x20026690                version_string
 .rodata        0x200266c8      0x784 common/built-in.o
 .rodata        0x20026e4c       0x11 lib/built-in.o
 .rodata        0x20026e5d        0xe net/built-in.o
 .rodata.str1.1
                0x20026e6b       0x7a arch/arm/cpu/armv7/built-in.o
 .rodata.str1.1
                0x20026ee5       0x16 arch/arm/cpu/armv7/s5pc1xx/built-in.o
 .rodata.str1.1
                0x20026efb      0x331 arch/arm/lib/built-in.o
                                0x34f (size before relaxing)
 .rodata.str1.1
                0x2002722c       0x11 board/samsung/smart210/built-in.o
 .rodata.str1.1
                0x2002723d     0x3fbf common/built-in.o
                               0x43d4 (size before relaxing)
 .rodata.str1.1
                0x2002b1fc      0x110 disk/built-in.o
                                0x124 (size before relaxing)
 .rodata.str1.1
                0x2002b30c      0x1ee drivers/mtd/built-in.o
 .rodata.str1.1
                0x2002b4fa      0xa21 drivers/mtd/nand/built-in.o
                                0xa9f (size before relaxing)
 .rodata.str1.1
                0x2002bf1b      0x22a drivers/net/built-in.o
                                0x230 (size before relaxing)
 .rodata.str1.1
                0x2002c145       0x57 drivers/serial/built-in.o
                                 0x92 (size before relaxing)
 .rodata.str1.1
                0x2002c19c      0x267 fs/built-in.o
                                0x2a7 (size before relaxing)
 .rodata.str1.1
                0x2002c403      0x467 lib/built-in.o
                                0x481 (size before relaxing)
 .rodata.str1.1
                0x2002c86a      0x6cb net/built-in.o
                                0x868 (size before relaxing)
 .rodata.str1.1
                0x2002cf35       0x1b arch/arm/lib/eabi_compat.o

.hash           0x2002cf50       0x2c
 .hash          0x2002cf50       0x2c arch/arm/cpu/armv7/start.o
                0x2002cf7c                . = ALIGN (0x4)

.data           0x2002cf7c     0x4e6e
 *(.data*)
 .data.s5p_cpu_id
                0x2002cf7c        0x4 arch/arm/cpu/armv7/built-in.o
                0x2002cf7c                s5p_cpu_id
 .data.s5p_cpu_rev
                0x2002cf80        0x4 arch/arm/cpu/armv7/built-in.o
                0x2002cf80                s5p_cpu_rev
 .data.init_sequence
                0x2002cf84       0x30 arch/arm/lib/built-in.o
                0x2002cf84                init_sequence
 .data.hist_cur
                0x2002cfb4        0x4 common/built-in.o
 .data.reserved_list
                0x2002cfb8       0x84 common/built-in.o
 .data.bootm_help_text
                0x2002d03c      0x248 common/built-in.o
 .data.cmd_bootm_sub
                0x2002d284       0xe0 common/built-in.o
 .data.first_call
                0x2002d364        0x8 common/built-in.o
 .data.env_name_spec
                0x2002d36c        0x4 common/built-in.o
                0x2002d36c                env_name_spec
 .data.source_help_text
                0x2002d370       0x50 common/built-in.o
 .data.do_echo  0x2002d3c0        0x4 common/built-in.o
 .data.dp_last_length
                0x2002d3c4        0x4 common/built-in.o
 .data.mtdparts_help_text
                0x2002d3c8      0x4d4 common/built-in.o
 .data.nand_help_text
                0x2002d89c      0x488 common/built-in.o
 .data.imgextract_help_text
                0x2002dd24       0x58 common/built-in.o
 .data.env_help_text
                0x2002dd7c      0x218 common/built-in.o
 .data.env_id   0x2002df94        0x4 common/built-in.o
 .data.cmd_env_sub
                0x2002df98       0xfc common/built-in.o
 .data.env_htab
                0x2002e094       0x10 common/built-in.o
                0x2002e094                env_htab
 .data.av_      0x2002e0a4      0x408 common/built-in.o
 .data.sbrk_base
                0x2002e4ac        0x4 common/built-in.o
 .data.trim_threshold
                0x2002e4b0        0x4 common/built-in.o
 .data.load_addr
                0x2002e4b4        0x4 common/built-in.o
                0x2002e4b4                load_addr
 .data.stdio_names
                0x2002e4b8        0xc common/built-in.o
                0x2002e4b8                stdio_names
 .data.nand_curr_device
                0x2002e4c4        0x4 drivers/mtd/nand/built-in.o
                0x2002e4c4                nand_curr_device
 .data.bbt_mirror_descr
                0x2002e4c8       0x24 drivers/mtd/nand/built-in.o
 .data.mirror_pattern
                0x2002e4ec        0x4 drivers/mtd/nand/built-in.o
 .data.bbt_main_no_oob_descr
                0x2002e4f0       0x24 drivers/mtd/nand/built-in.o
 .data.scan_agand_pattern
                0x2002e514        0x8 drivers/mtd/nand/built-in.o
 .data.bbt_mirror_no_oob_descr
                0x2002e51c       0x24 drivers/mtd/nand/built-in.o
 .data.bbt_pattern
                0x2002e540        0x4 drivers/mtd/nand/built-in.o
 .data.scan_ff_pattern
                0x2002e544        0x4 drivers/mtd/nand/built-in.o
 .data.bbt_main_descr
                0x2002e548       0x24 drivers/mtd/nand/built-in.o
 .data.agand_flashbased
                0x2002e56c       0x24 drivers/mtd/nand/built-in.o
 .data.nand_oob_8
                0x2002e590      0xb08 drivers/mtd/nand/built-in.o
 .data.nand_oob_16
                0x2002f098      0xb08 drivers/mtd/nand/built-in.o
 .data.nand_oob_128
                0x2002fba0      0xb08 drivers/mtd/nand/built-in.o
 .data.nand_oob_64
                0x200306a8     0x1610 drivers/mtd/nand/built-in.o
 .data          0x20031cb8        0x8 drivers/serial/built-in.o
                0x20031cb8                config
 .data.s5p_serial1_device
                0x20031cc0       0x30 drivers/serial/built-in.o
                0x20031cc0                s5p_serial1_device
 .data.s5p_serial0_device
                0x20031cf0       0x30 drivers/serial/built-in.o
                0x20031cf0                s5p_serial0_device
 .data.s5p_serial2_device
                0x20031d20       0x30 drivers/serial/built-in.o
                0x20031d20                s5p_serial2_device
 .data.s5p_serial3_device
                0x20031d50       0x30 drivers/serial/built-in.o
                0x20031d50                s5p_serial3_device
 .data.fstypes  0x20031d80       0x40 fs/built-in.o
 .data.NetOurNativeVLAN
                0x20031dc0        0x2 net/built-in.o
                0x20031dc0                NetOurNativeVLAN
 *fill*         0x20031dc2        0x2 00
 .data.NetBcastAddr
                0x20031dc4        0x8 net/built-in.o
                0x20031dc4                NetBcastAddr
 .data.first_call.3704
                0x20031dcc        0x4 net/built-in.o
 .data.NetOurVLAN
                0x20031dd0        0x2 net/built-in.o
                0x20031dd0                NetOurVLAN
 *fill*         0x20031dd2        0x2 00
 .data.nfs_offset
                0x20031dd4        0x4 net/built-in.o
 .data.TftpTimeoutCountMax
                0x20031dd8        0x4 net/built-in.o
 .data.TftpRRQTimeoutCountMax
                0x20031ddc        0x4 net/built-in.o
                0x20031ddc                TftpRRQTimeoutCountMax
 .data.TftpBlkSizeOption
                0x20031de0        0x2 net/built-in.o
 *fill*         0x20031de2        0x2 00
 .data.TftpTimeoutMSecs
                0x20031de4        0x4 net/built-in.o
 .data.TftpBlkSize
                0x20031de8        0x2 net/built-in.o

.got            0x20031dec        0x0 load address 0x20031dea
 .got           0x00000000        0x0 arch/arm/cpu/armv7/start.o

.got.plt        0x20031dec        0xc
 .got.plt       0x20031dec        0xc arch/arm/cpu/armv7/start.o
                0x20031dec                _GLOBAL_OFFSET_TABLE_
                0x20031df8                . = ALIGN (0x4)
                0x20031df8                . = .
                0x20031df8                . = ALIGN (0x4)

.u_boot_list    0x20031df8      0x650
 *(SORT(.u_boot_list*))
 .u_boot_list_2_cmd_1
                0x20031df8        0x0 common/built-in.o
 .u_boot_list_2_cmd_2_base
                0x20031df8       0x1c common/built-in.o
                0x20031df8                _u_boot_list_2_cmd_2_base
 .u_boot_list_2_cmd_2_bdinfo
                0x20031e14       0x1c common/built-in.o
                0x20031e14                _u_boot_list_2_cmd_2_bdinfo
 .u_boot_list_2_cmd_2_boot