Archive member included because of file (symbol)

/usr/local/arm/4.5.1/bin/../lib/gcc/arm-none-linux-gnueabi/4.5.1/libgcc.a(_udivsi3.o)
                              arch/arm/cpu/armv7/built-in.o (__aeabi_uidiv)
/usr/local/arm/4.5.1/bin/../lib/gcc/arm-none-linux-gnueabi/4.5.1/libgcc.a(_divsi3.o)
                              common/built-in.o (__aeabi_idiv)
/usr/local/arm/4.5.1/bin/../lib/gcc/arm-none-linux-gnueabi/4.5.1/libgcc.a(_lshrdi3.o)
                              drivers/mtd/nand/built-in.o (__aeabi_llsr)
/usr/local/arm/4.5.1/bin/../lib/gcc/arm-none-linux-gnueabi/4.5.1/libgcc.a(_ashrdi3.o)
                              drivers/mtd/nand/built-in.o (__aeabi_lasr)
/usr/local/arm/4.5.1/bin/../lib/gcc/arm-none-linux-gnueabi/4.5.1/libgcc.a(_ashldi3.o)
                              drivers/mtd/nand/built-in.o (__aeabi_llsl)
/usr/local/arm/4.5.1/bin/../lib/gcc/arm-none-linux-gnueabi/4.5.1/libgcc.a(_dvmd_lnx.o)
                              /usr/local/arm/4.5.1/bin/../lib/gcc/arm-none-linux-gnueabi/4.5.1/libgcc.a(_udivsi3.o) (__aeabi_idiv0)

Discarded input sections

 .data          0x00000000        0x0 arch/arm/cpu/armv7/start.o
 .bss           0x00000000        0x0 arch/arm/cpu/armv7/start.o
 .text          0x00000000        0x0 arch/arm/cpu/armv7/built-in.o
 .text.invalidate_dcache_range
                0x00000000       0x24 arch/arm/cpu/armv7/built-in.o
 .text.mmu_page_table_flush
                0x00000000       0x10 arch/arm/cpu/armv7/built-in.o
 .text.__v7_outer_cache_enable
                0x00000000        0x4 arch/arm/cpu/armv7/built-in.o
 .text.__v7_outer_cache_disable
                0x00000000        0x4 arch/arm/cpu/armv7/built-in.o
 .text.__v7_outer_cache_inval_range
                0x00000000        0x4 arch/arm/cpu/armv7/built-in.o
 .text.sdelay   0x00000000        0xc arch/arm/cpu/armv7/built-in.o
 .text.sr32     0x00000000       0x24 arch/arm/cpu/armv7/built-in.o
 .text.wait_on_value
                0x00000000       0x34 arch/arm/cpu/armv7/built-in.o
 .text.get_device_type
                0x00000000       0x10 arch/arm/cpu/armv7/built-in.o
 .text.timer_get_us
                0x00000000       0x30 arch/arm/cpu/armv7/built-in.o
 .text.pwm_disable
                0x00000000       0x34 arch/arm/cpu/armv7/built-in.o
 .data          0x00000000        0x0 arch/arm/cpu/armv7/built-in.o
 .bss           0x00000000        0x0 arch/arm/cpu/armv7/built-in.o
 .bss.base_time_us.3486
                0x00000000        0x4 arch/arm/cpu/armv7/built-in.o
 .text.set_mmc_clk
                0x00000000        0x4 arch/arm/cpu/armv7/s5pc1xx/built-in.o
 .data          0x00000000        0x0 arch/arm/cpu/armv7/s5pc1xx/built-in.o
 .bss           0x00000000        0x0 arch/arm/cpu/armv7/s5pc1xx/built-in.o
 .text.__red_led_off
                0x00000000        0x4 arch/arm/lib/built-in.o
 .text.__green_led_on
                0x00000000        0x4 arch/arm/lib/built-in.o
 .text.__green_led_off
                0x00000000        0x4 arch/arm/lib/built-in.o
 .text.__yellow_led_on
                0x00000000        0x4 arch/arm/lib/built-in.o
 .text.__yellow_led_off
                0x00000000        0x4 arch/arm/lib/built-in.o
 .text.__blue_led_on
                0x00000000        0x4 arch/arm/lib/built-in.o
 .text.__blue_led_off
                0x00000000        0x4 arch/arm/lib/built-in.o
 .text.__dram_init_banksize
                0x00000000       0x1c arch/arm/lib/built-in.o
 .text.__arch_cpu_init
                0x00000000        0x8 arch/arm/lib/built-in.o
 .text.__flush_cache
                0x00000000        0x4 arch/arm/lib/built-in.o
 .text.__flush_dcache_all
                0x00000000        0xc arch/arm/lib/built-in.o
 .text.__arm_init_before_mmu
                0x00000000        0x4 arch/arm/lib/built-in.o
 .text.__mmu_page_table_flush
                0x00000000        0x4 arch/arm/lib/built-in.o
 .text.mmu_set_region_dcache_behaviour
                0x00000000       0x50 arch/arm/lib/built-in.o
 .data          0x00000000        0x0 arch/arm/lib/built-in.o
 .__end         0x00000000        0x0 arch/arm/lib/built-in.o
 .bss           0x00000000        0x0 arch/arm/lib/built-in.o
 .text.onenand_board_init
                0x00000000       0xb8 board/samsung/smart210/built-in.o
 .data          0x00000000        0x0 board/samsung/smart210/built-in.o
 .bss           0x00000000        0x0 board/samsung/smart210/built-in.o
 .text          0x00000000        0x0 common/built-in.o
 .text.parse_line
                0x00000000       0x84 common/built-in.o
 .text.cmd_process_error
                0x00000000       0x30 common/built-in.o
 .text.hash_block
                0x00000000       0x78 common/built-in.o
 .text.unset_local_var
                0x00000000       0xa0 common/built-in.o
 .text.env_flags_parse_varaccess_from_binflags
                0x00000000       0x48 common/built-in.o
 .text.invalidate_icache_all
                0x00000000        0xc common/built-in.o
 .text.flush_dcache_all
[...]
Memory Configuration

Name             Origin             Length             Attributes
*default*        0x00000000         0xffffffff

Linker script and memory map

Address of section .text set to 0x20000000
                0x00000000                . = 0x0
                0x00000000                . = ALIGN (0x4)

.text           0x20000000    0x23ea4
 *(.__image_copy_start)
 .__image_copy_start
                0x20000000        0x0 arch/arm/lib/built-in.o
                0x20000000                __image_copy_start
 arch/arm/cpu/armv7/start.o(.text*)
 .text          0x20000000      0x380 arch/arm/cpu/armv7/start.o
                0x20000000                _start
                0x20000020                _undefined_instruction
                0x20000024                _software_interrupt
                0x20000028                _prefetch_abort
                0x2000002c                _data_abort
                0x20000030                _not_used
                0x20000034                _irq
                0x20000038                _fiq
                0x20000040                _end_vect
                0x20000040                IRQ_STACK_START_IN
                0x20000084                c_runtime_cpu_setup
                0x2000009c                save_boot_params
                0x200000a0                cpu_init_cp15
                0x200000d8                cpu_init_crit
 *(.text*)
 .text.v7_maint_dcache_all
                0x20000380       0xf0 arch/arm/cpu/armv7/built-in.o
 .text.v7_inval_tlb
                0x20000470       0x1c arch/arm/cpu/armv7/built-in.o
 .text.v7_dcache_maint_range
                0x2000048c       0xc8 arch/arm/cpu/armv7/built-in.o
 .text.invalidate_dcache_all
                0x20000554       0x14 arch/arm/cpu/armv7/built-in.o
                0x20000554                invalidate_dcache_all
 .text.flush_dcache_all
                0x20000568       0x14 arch/arm/cpu/armv7/built-in.o
                0x20000568                flush_dcache_all
 .text.flush_dcache_range
                0x2000057c       0x24 arch/arm/cpu/armv7/built-in.o
                0x2000057c                flush_dcache_range
 .text.arm_init_before_mmu
                0x200005a0       0x14 arch/arm/cpu/armv7/built-in.o
                0x200005a0                arm_init_before_mmu
 .text.flush_cache
                0x200005b4        0x8 arch/arm/cpu/armv7/built-in.o
                0x200005b4                flush_cache
 .text.invalidate_icache_all
                0x200005bc       0x18 arch/arm/cpu/armv7/built-in.o
                0x200005bc                invalidate_icache_all
 .text.__v7_outer_cache_flush_all
                0x200005d4        0x4 arch/arm/cpu/armv7/built-in.o
                0x200005d4                __v7_outer_cache_flush_all
                0x200005d4                v7_outer_cache_flush_all
 .text.__v7_outer_cache_inval_all
                0x200005d8        0x4 arch/arm/cpu/armv7/built-in.o
                0x200005d8                v7_outer_cache_inval_all
                0x200005d8                __v7_outer_cache_inval_all
 .text.__v7_outer_cache_flush_range
                0x200005dc        0x4 arch/arm/cpu/armv7/built-in.o
                0x200005dc                v7_outer_cache_flush_range
                0x200005dc                __v7_outer_cache_flush_range
 .text.cpu_cache_initialization
                0x200005e0        0x4 arch/arm/cpu/armv7/built-in.o
                0x200005e0                cpu_cache_initialization
 .text.cleanup_before_linux
                0x200005e4       0x28 arch/arm/cpu/armv7/built-in.o
                0x200005e4                cleanup_before_linux
 .text.arch_cpu_init
                0x2000060c       0x34 arch/arm/cpu/armv7/built-in.o
                0x2000060c                arch_cpu_init
 .text.print_cpuinfo
                0x20000640       0x4c arch/arm/cpu/armv7/built-in.o
                0x20000640                print_cpuinfo
 .text.get_timer
                0x2000068c       0x6c arch/arm/cpu/armv7/built-in.o
                0x2000068c                get_timer
 .text.__udelay
                0x200006f8       0x20 arch/arm/cpu/armv7/built-in.o
                0x200006f8                __udelay
 .text.reset_timer_masked
                0x20000718       0x1c arch/arm/cpu/armv7/built-in.o
                0x20000718                reset_timer_masked
 .text.timer_init
                0x20000734       0x58 arch/arm/cpu/armv7/built-in.o
                0x20000734                timer_init
 .text.get_ticks
                0x2000078c       0x14 arch/arm/cpu/armv7/built-in.o
                0x2000078c                get_ticks
 .text.get_tbclk
                0x200007a0        0x8 arch/arm/cpu/armv7/built-in.o
                0x200007a0                get_tbclk
 .text.s5p_config_sromc
                0x200007a8       0x2c arch/arm/cpu/armv7/built-in.o
                0x200007a8                s5p_config_sromc
 .text.pwm_enable
                0x200007d4       0x38 arch/arm/cpu/armv7/built-in.o
                0x200007d4                pwm_enable
 .text.pwm_config
                0x2000080c      0x144 arch/arm/cpu/armv7/built-in.o
                0x2000080c                pwm_config
 .text.pwm_init
                0x20000950       0xf8 arch/arm/cpu/armv7/built-in.o
                0x20000950                pwm_init
 *fill*         0x20000a48       0x18 00
 .text          0x20000a60       0x7c arch/arm/cpu/armv7/s5pc1xx/built-in.o
                0x20000a60                v7_outer_cache_enable
                0x20000a74                v7_outer_cache_disable
                0x20000aa0                reset_cpu
 .text.get_pll_clk
                0x20000adc      0x148 arch/arm/cpu/armv7/s5pc1xx/built-in.o
                0x20000adc                get_pll_clk
 .text.s5pc100_get_pclk
                0x20000c24       0x34 arch/arm/cpu/armv7/s5pc1xx/built-in.o
 .text.s5pc110_get_pclk
                0x20000c58       0x38 arch/arm/cpu/armv7/s5pc1xx/built-in.o
 .text.get_arm_clk
                0x20000c90       0x6c arch/arm/cpu/armv7/s5pc1xx/built-in.o
                0x20000c90                get_arm_clk
 .text.get_pwm_clk
                0x20000cfc       0x20 arch/arm/cpu/armv7/s5pc1xx/built-in.o
                0x20000cfc                get_pwm_clk
 .text.get_uart_clk
                0x20000d1c       0x20 arch/arm/cpu/armv7/s5pc1xx/built-in.o
                0x20000d1c                get_uart_clk
 .text          0x20000d3c       0xe4 arch/arm/lib/built-in.o
                0x20000d3c                _main
                0x20000dbc                relocate_code
 .text.display_banner
                0x20000e20       0x20 arch/arm/lib/built-in.o
 .text.init_baudrate
                0x20000e40       0x2c arch/arm/lib/built-in.o
 .text.mark_bootstage
                0x20000e6c       0x14 arch/arm/lib/built-in.o
 .text.__coloured_LED_init
                0x20000e80        0x4 arch/arm/lib/built-in.o
                0x20000e80                coloured_LED_init
                0x20000e80                __coloured_LED_init
 .text.__red_led_on
                0x20000e84        0x4 arch/arm/lib/built-in.o
                0x20000e84                __red_led_on
                0x20000e84                red_led_on
 .text.__power_init_board
                0x20000e88        0x8 arch/arm/lib/built-in.o
                0x20000e88                __power_init_board
                0x20000e88                power_init_board
 .text.board_init_f
                0x20000e90      0x118 arch/arm/lib/built-in.o
                0x20000e90                board_init_f
 .text.board_init_r
                0x20000fa8       0xbc arch/arm/lib/built-in.o
                0x20000fa8                board_init_r
 .text.boot_jump_linux.clone.5
                0x20001064       0xa0 arch/arm/lib/built-in.o
 .text.arch_lmb_reserve
                0x20001104       0x24 arch/arm/lib/built-in.o
                0x20001104                arch_lmb_reserve
 .text.setup_board_tags
                0x20001128        0x4 arch/arm/lib/built-in.o
                0x20001128                setup_board_tags
 .text.boot_prep_linux
                0x2000112c      0x154 arch/arm/lib/built-in.o
 .text.do_bootm_linux
                0x20001280       0x64 arch/arm/lib/built-in.o
                0x20001280                do_bootm_linux
 .text.boot_prep_vxworks
                0x200012e4        0x4 arch/arm/lib/built-in.o
                0x200012e4                boot_prep_vxworks
 .text.boot_jump_vxworks
                0x200012e8       0x14 arch/arm/lib/built-in.o
                0x200012e8                boot_jump_vxworks
 .text.interrupt_init
                0x200012fc       0x1c arch/arm/lib/built-in.o
                0x200012fc                interrupt_init
 .text.enable_interrupts
                0x20001318        0x4 arch/arm/lib/built-in.o
                0x20001318                enable_interrupts
 .text.disable_interrupts
                0x2000131c        0x8 arch/arm/lib/built-in.o
                0x2000131c                disable_interrupts
 .text.bad_mode
                0x20001324       0x10 arch/arm/lib/built-in.o
                0x20001324                bad_mode
 .text.show_regs
                0x20001334      0x140 arch/arm/lib/built-in.o
                0x20001334                show_regs
 .text.do_undefined_instruction
                0x20001474       0x24 arch/arm/lib/built-in.o
                0x20001474                do_undefined_instruction
 .text.do_software_interrupt
                0x20001498       0x24 arch/arm/lib/built-in.o
                0x20001498                do_software_interrupt
 .text.do_prefetch_abort
                0x200014bc       0x24 arch/arm/lib/built-in.o
                0x200014bc                do_prefetch_abort
 .text.do_data_abort
                0x200014e0       0x24 arch/arm/lib/built-in.o
                0x200014e0                do_data_abort
 .text.do_not_used
                0x20001504       0x24 arch/arm/lib/built-in.o
                0x20001504                do_not_used
 .text.do_fiq   0x20001528       0x24 arch/arm/lib/built-in.o
                0x20001528                do_fiq
 .text.do_irq   0x2000154c       0x24 arch/arm/lib/built-in.o
                0x2000154c                do_irq
 .text.do_reset
                0x20001570       0x2c arch/arm/lib/built-in.o
                0x20001570                do_reset
 .text.__enable_caches
                0x2000159c        0xc arch/arm/lib/built-in.o
                0x2000159c                enable_caches
                0x2000159c                __enable_caches
 .text.cp_delay
                0x200015a8       0x30 arch/arm/lib/built-in.o
 .text.cache_disable
                0x200015d8       0x44 arch/arm/lib/built-in.o
 .text.arm_init_domains
                0x2000161c        0x4 arch/arm/lib/built-in.o
                0x2000161c                arm_init_domains
 .text.set_section_dcache
                0x20001620       0x14 arch/arm/lib/built-in.o
                0x20001620                set_section_dcache
 .text.dram_bank_mmu_setup
                0x20001634       0x44 arch/arm/lib/built-in.o
                0x20001634                dram_bank_mmu_setup
 .text.cache_enable
                0x20001678       0x78 arch/arm/lib/built-in.o
 .text.icache_enable
                0x200016f0        0x8 arch/arm/lib/built-in.o
                0x200016f0                icache_enable
 .text.icache_disable
                0x200016f8        0x8 arch/arm/lib/built-in.o
                0x200016f8                icache_disable
 .text.icache_status
                0x20001700        0xc arch/arm/lib/built-in.o
                0x20001700                icache_status
 .text.dcache_enable
                0x2000170c        0x8 arch/arm/lib/built-in.o
                0x2000170c                dcache_enable
 .text.dcache_disable
                0x20001714        0x8 arch/arm/lib/built-in.o
                0x20001714                dcache_disable
 .text.dcache_status
                0x2000171c        0xc arch/arm/lib/built-in.o
                0x2000171c                dcache_status
 .text          0x20001728        0x8 board/samsung/smart210/built-in.o
                0x20001728                lowlevel_init
 .text.board_init
                0x20001730       0x3c board/samsung/smart210/built-in.o
                0x20001730                board_init
 .text.dram_init
                0x2000176c       0x20 board/samsung/smart210/built-in.o
                0x2000176c                dram_init
 .text.dram_init_banksize
                0x2000178c       0x18 board/samsung/smart210/built-in.o
                0x2000178c                dram_init_banksize
 .text.checkboard
                0x200017a4       0x18 board/samsung/smart210/built-in.o
                0x200017a4                checkboard
 .text.board_eth_init
                0x200017bc        0x4 board/samsung/smart210/built-in.o
                0x200017bc                board_eth_init
 .text.delete_char
                0x200017c0       0xd8 common/built-in.o
 .text.cread_add_char
                0x20001898       0xec common/built-in.o
 .text.__show_boot_progress
                0x20001984        0x4 common/built-in.o
                0x20001984                __show_boot_progress
                0x20001984                show_boot_progress
 .text.readline_into_buffer
                0x20001988      0x9ec common/built-in.o
                0x20001988                readline_into_buffer
 .text.readline
                0x20002374       0x14 common/built-in.o
                0x20002374                readline
 .text.run_command
                0x20002388        0x8 common/built-in.o
                0x20002388                run_command
 .text.run_command_list
                0x20002390       0x5c common/built-in.o
                0x20002390                run_command_list
 .text.main_loop
                0x200023ec      0x130 common/built-in.o
                0x200023ec                main_loop
 .text.do_run   0x2000251c       0x70 common/built-in.o
                0x2000251c                do_run
 .text.find_cmd_tbl
                0x2000258c       0x9c common/built-in.o
                0x2000258c                find_cmd_tbl
 .text.find_cmd
                0x20002628       0x28 common/built-in.o
                0x20002628                find_cmd
 .text.cmd_usage
                0x20002650       0x5c common/built-in.o
                0x20002650                cmd_usage
 .text._do_help
                0x200026ac      0x188 common/built-in.o
                0x200026ac                _do_help
 .text.var_complete
                0x20002834       0x84 common/built-in.o
                0x20002834                var_complete
 .text.cmd_auto_complete
                0x200028b8      0x490 common/built-in.o
                0x200028b8                cmd_auto_complete
 .text.cmd_get_data_size
                0x20002d48       0x50 common/built-in.o
                0x20002d48                cmd_get_data_size
 .text.cmd_process
                0x20002d98       0xf0 common/built-in.o
                0x20002d98                cmd_process
 .text.dummy    0x20002e88        0x4 common/built-in.o
 .text.get_version
                0x20002e8c        0x8 common/built-in.o
                0x20002e8c                get_version
 .text.jumptable_init
                0x20002e94      0x190 common/built-in.o
                0x20002e94                jumptable_init
 .text.hash_command
                0x20003024       0xa4 common/built-in.o
                0x20003024                hash_command
 .text.static_get
                0x200030c8       0x1c common/built-in.o
 .text.static_peek
                0x200030e4        0xc common/built-in.o
 .text.file_peek
                0x200030f0        0xc common/built-in.o
 .text.is_assignment
                0x200030fc       0x54 common/built-in.o
 .text.mapset   0x20003150       0x20 common/built-in.o
 .text.syntax_err
                0x20003170        0xc common/built-in.o
 .text.do_showvar
                0x2000317c       0xf0 common/built-in.o
 .text.xmalloc  0x2000326c       0x20 common/built-in.o
 .text.new_pipe
                0x2000328c       0x28 common/built-in.o
 .text.file_get
                0x200032b4      0x1b0 common/built-in.o
 .text.free_pipe_list
                0x20003464       0xe4 common/built-in.o
 .text.xrealloc
                0x20003548       0x20 common/built-in.o
 .text.done_command
                0x20003568       0x8c common/built-in.o
 .text.done_pipe
                0x200035f4       0x48 common/built-in.o
 .text.b_addchr
                0x2000363c       0x78 common/built-in.o
 .text.done_word
                0x200036b4      0x308 common/built-in.o
 .text.b_addqchr
                0x200039bc       0x4c common/built-in.o
 .text.get_local_var
                0x20003a08       0x98 common/built-in.o
                0x20003a08                get_local_var
 .text.set_local_var
                0x20003aa0      0x1b8 common/built-in.o
                0x20003aa0                set_local_var
 .text.insert_var_value_sub
                0x20003c58      0x2cc common/built-in.o
 .text.parse_string_outer
                0x20003f24       0xf0 common/built-in.o
                0x20003f24                parse_string_outer
 .text.run_list_real
                0x20004014      0x844 common/built-in.o
 .text.parse_stream_outer
                0x20004858      0x6f0 common/built-in.o
 .text.parse_file_outer
                0x20004f48       0x44 common/built-in.o
                0x20004f48                parse_file_outer
 .text.u_boot_hush_start
                0x20004f8c       0x54 common/built-in.o
                0x20004f8c                u_boot_hush_start
 .text.hex1_bin
                0x20004fe0       0x40 common/built-in.o
 .text.hex2_bin
                0x20005020       0x34 common/built-in.o
 .text.srec_decode
                0x20005054      0x270 common/built-in.o
                0x20005054                srec_decode
 .text.CYGACC_COMM_IF_GETC_TIMEOUT.clone.1
                0x200052c4       0x54 common/built-in.o
 .text.xyzModem_flush
                0x20005318       0x1c common/built-in.o
 .text.xyzModem_get_hdr
                0x20005334      0x248 common/built-in.o
 .text.xyzModem_stream_open
                0x2000557c      0x258 common/built-in.o
                0x2000557c                xyzModem_stream_open
 .text.xyzModem_stream_read
                0x200057d4      0x244 common/built-in.o
                0x200057d4                xyzModem_stream_read
 .text.xyzModem_stream_close
                0x20005a18       0x50 common/built-in.o
                0x20005a18                xyzModem_stream_close
 .text.xyzModem_stream_terminate
                0x20005a68       0x94 common/built-in.o
                0x20005a68                xyzModem_stream_terminate
 .text.xyzModem_error
                0x20005afc       0x20 common/built-in.o
                0x20005afc                xyzModem_error
 .text.do_go_exec
                0x20005b1c       0x18 common/built-in.o
                0x20005b1c                do_go_exec
 .text.do_go    0x20005b34       0x6c common/built-in.o
 .text.image_info
                0x20005ba0       0xd0 common/built-in.o
 .text.do_iminfo
                0x20005c70       0x60 common/built-in.o
 .text.do_bootm_rtems
                0x20005cd0       0x40 common/built-in.o
 .text.do_bootd
                0x20005d10       0x24 common/built-in.o
                0x20005d10                do_bootd
 .text.do_bootm_standalone
                0x20005d34       0x64 common/built-in.o
 .text.copy_args
                0x20005d98       0x4c common/built-in.o
 .text.do_bootm_plan9
                0x20005de4       0xa4 common/built-in.o
 .text.do_bootm_qnxelf
                0x20005e88       0x5c common/built-in.o
 .text.do_bootm_netbsd
                0x20005ee4       0xf4 common/built-in.o
 .text.do_bootm_states.clone.21.clone.22
                0x20005fd8      0x78c common/built-in.o
 .text.do_bootm
                0x20006764       0xdc common/built-in.o
                0x20006764                do_bootm
 .text.__arch_preboot_os
                0x20006840        0x4 common/built-in.o
                0x20006840                arch_preboot_os
 .text.bootm_maybe_autostart
                0x20006844       0x74 common/built-in.o
                0x20006844                bootm_maybe_autostart
 .text.do_bootvx_fdt
                0x200068b8       0x3c common/built-in.o
                0x200068b8                do_bootvx_fdt
 .text.do_bootm_vxworks
                0x200068f4       0x24 common/built-in.o
 .text.do_help  0x20006918       0x48 common/built-in.o
 .text.do_version
                0x20006960       0x38 common/built-in.o
 .text.reverse_strstr
                0x20006998       0x64 common/built-in.o
 .text.env_attr_walk
                0x200069fc      0x110 common/built-in.o
                0x200069fc                env_attr_walk
 .text.env_attr_lookup
                0x20006b0c      0x124 common/built-in.o
                0x20006b0c                env_attr_lookup
 .text.clear_callback
                0x20006c30       0x10 common/built-in.o
 .text.on_callbacks
                0x20006c40       0x48 common/built-in.o
 .text.find_env_callback
                0x20006c88       0x64 common/built-in.o
 .text.set_callback
                0x20006cec       0x94 common/built-in.o
 .text.env_callback_init
                0x20006d80       0xc8 common/built-in.o
                0x20006d80                env_callback_init
 .text.skip_num
                0x20006e48       0x78 common/built-in.o
 .text.clear_flags
                0x20006ec0       0x10 common/built-in.o
 .text.on_flags
                0x20006ed0       0x48 common/built-in.o
 .text.env_flags_parse_vartype
                0x20006f18       0x4c common/built-in.o
                0x20006f18                env_flags_parse_vartype
 .text.env_flags_parse_varaccess
                0x20006f64       0x54 common/built-in.o
                0x20006f64                env_flags_parse_varaccess
 .text.env_parse_flags_to_bin
                0x20006fb8       0x2c common/built-in.o
 .text.set_flags
                0x20006fe4       0x90 common/built-in.o
 .text.env_flags_init
                0x20007074       0xbc common/built-in.o
                0x20007074                env_flags_init
 .text.env_flags_validate
                0x20007130      0x334 common/built-in.o
                0x20007130                env_flags_validate
 .text.env_init
                0x20007464       0x1c common/built-in.o
                0x20007464                env_init
 .text.writeenv
                0x20007480       0xb4 common/built-in.o
                0x20007480                writeenv
 .text.saveenv  0x20007534      0x128 common/built-in.o
                0x20007534                saveenv
 .text.readenv  0x2000765c       0xc0 common/built-in.o
                0x2000765c                readenv
 .text.env_relocate_spec
                0x2000771c       0x50 common/built-in.o
                0x2000771c                env_relocate_spec
 .text.source   0x2000776c       0xdc common/built-in.o
                0x2000776c                source
 .text.do_source
                0x20007848       0x44 common/built-in.o
                0x20007848                do_source
 .text.do_bdinfo
                0x2000788c      0x1b0 common/built-in.o
                0x2000788c                do_bdinfo
 .text.parse_argv
                0x20007a3c       0x5c common/built-in.o
 .text.do_icache
                0x20007a98       0x90 common/built-in.o
                0x20007a98                do_icache
 .text.do_dcache
                0x20007b28       0x90 common/built-in.o
                0x20007b28                do_dcache
 .text.do_coninfo
                0x20007bb8       0xb8 common/built-in.o
 .text.do_echo  0x20007c70       0xc0 common/built-in.o
 .text.load_elf_image_shdr
                0x20007d30       0x90 common/built-in.o
 .text.do_bootelf_exec
                0x20007dc0       0x44 common/built-in.o
                0x20007dc0                do_bootelf_exec
 .text.valid_elf_image
                0x20007e04       0x4c common/built-in.o
                0x20007e04                valid_elf_image
 .text.do_bootvx
                0x20007e50      0x2a0 common/built-in.o
                0x20007e50                do_bootvx
 .text.do_bootelf
                0x200080f0      0x154 common/built-in.o
                0x200080f0                do_bootelf
 .text.do_exit  0x20008244       0x30 common/built-in.o
 .text.do_fat_fsinfo
                0x20008274       0x94 common/built-in.o
 .text.do_fat_ls
                0x20008308       0x14 common/built-in.o
 .text.do_fat_fsload
                0x2000831c       0x14 common/built-in.o
                0x2000831c                do_fat_fsload
 .text.evalexp  0x20008330       0x70 common/built-in.o
 .text.evalstr  0x200083a0       0x70 common/built-in.o
 .text.binary_test
                0x20008410      0x1bc common/built-in.o
 .text.do_itest
                0x200085cc       0x98 common/built-in.o
 .text.ktrans   0x20008664       0x20 common/built-in.o
 .text.bin_data_init
                0x20008684       0x2c common/built-in.o
 .text.bin_data_char
                0x200086b0       0x28 common/built-in.o
 .text.k_data_save
                0x200086d8       0x4c common/built-in.o
 .text.k_data_restore
                0x20008724       0x4c common/built-in.o
 .text.load_serial_ymodem
                0x20008770       0xdc common/built-in.o
 .text.getcxmodem
                0x2000884c       0x20 common/built-in.o
 .text.load_serial
                0x2000886c      0x1fc common/built-in.o
 .text.do_load_serial
                0x20008a68       0xdc common/built-in.o
 .text.s1_sendpacket.clone.0
                0x20008b44       0x50 common/built-in.o
 .text.chk1.clone.1
                0x20008b94       0x30 common/built-in.o
 .text.do_load_serial_bin
                0x20008bc4      0x774 common/built-in.o
 .text.do_mem_loop
                0x20009338       0xf4 common/built-in.o
 .text.do_mem_mw
                0x2000942c       0xb8 common/built-in.o
 .text.do_mem_base
                0x200094e4       0x44 common/built-in.o
 .text.do_mem_cmp
                0x20009528      0x15c common/built-in.o
 .text.do_mem_crc
                0x20009684       0x40 common/built-in.o
 .text.do_mem_cp
                0x200096c4       0xd4 common/built-in.o
 .text.do_mem_md
                0x20009798       0xe0 common/built-in.o
 .text.mod_mem.clone.2
                0x20009878      0x164 common/built-in.o
 .text.do_mem_nm
                0x200099dc        0x8 common/built-in.o
 .text.do_mem_mm
                0x200099e4        0x8 common/built-in.o
 .text.do_sleep
                0x200099ec       0x74 common/built-in.o
 .text.mtd_part_info
                0x20009a60       0x94 common/built-in.o
 .text.memsize_format
                0x20009af4       0xa0 common/built-in.o
 .text.index_partitions
                0x20009b94       0xb4 common/built-in.o
 .text.current_save
                0x20009c48       0xbc common/built-in.o
 .text.part_sort_add
                0x20009d04      0x168 common/built-in.o
 .text.part_delall
                0x20009e6c       0x44 common/built-in.o
 .text.device_del
                0x20009eb0       0x7c common/built-in.o
 .text.memsize_parse
                0x20009f2c       0x80 common/built-in.o
 .text.get_mtd_info
                0x20009fac       0x80 common/built-in.o
 .text.part_validate
                0x2000a02c      0x324 common/built-in.o
 .text.device_delall.clone.2
                0x2000a350       0x60 common/built-in.o
 .text.mtd_devices_init
                0x2000a3b0       0x2c common/built-in.o
 .text.generate_mtdparts_save.clone.1
                0x2000a3dc      0x2fc common/built-in.o
 .text.device_find
                0x2000a6d8       0x50 common/built-in.o
                0x2000a6d8                device_find
 .text.device_parse
                0x2000a728      0x50c common/built-in.o
 .text.mtd_id_parse
                0x2000ac34      0x110 common/built-in.o
                0x2000ac34                mtd_id_parse
 .text.find_dev_and_part
                0x2000ad44      0x1b8 common/built-in.o
                0x2000ad44                find_dev_and_part
 .text.mtdparts_init
                0x2000aefc      0x698 common/built-in.o
                0x2000aefc                mtdparts_init
 .text.do_mtdparts
                0x2000b594      0x5b8 common/built-in.o
 .text.do_chpart
                0x2000bb4c       0xd0 common/built-in.o
 .text.set_dev  0x2000bc1c       0x70 common/built-in.o
 .text.nand_load_image
                0x2000bc8c      0x1bc common/built-in.o
 .text.do_nandboot
                0x2000be48      0x25c common/built-in.o
 .text.nand_print_and_set_info
                0x2000c0a4       0xd0 common/built-in.o
 .text.arg_off  0x2000c174      0x118 common/built-in.o
 .text.arg_off_size
                0x2000c28c      0x168 common/built-in.o
 .text.do_nand  0x2000c3f4      0xce8 common/built-in.o
 .text.do_ping  0x2000d0dc       0x78 common/built-in.o
 .text.netboot_common
                0x2000d154      0x2b0 common/built-in.o
 .text.do_nfs   0x2000d404        0xc common/built-in.o
 .text.do_bootp
                0x2000d410        0xc common/built-in.o
 .text.do_tftpb
                0x2000d41c       0x40 common/built-in.o
                0x2000d41c                do_tftpb
 .text.do_reginfo
                0x2000d45c        0x8 common/built-in.o
 .text.do_false
                0x2000d464        0x8 common/built-in.o
 .text.do_true  0x2000d46c        0x8 common/built-in.o
 .text.do_test  0x2000d474      0x340 common/built-in.o
 .text.do_imgextract
                0x2000d7b4      0x298 common/built-in.o
 .text.do_env_delete
                0x2000da4c       0x9c common/built-in.o
 .text.env_print
                0x2000dae8       0xc8 common/built-in.o
 .text.do_env_print
                0x2000dbb0       0xd0 common/built-in.o
 .text.do_env   0x2000dc80       0x60 common/built-in.o
 .text.do_env_import
                0x2000dce0      0x270 common/built-in.o
 .text.do_env_default
                0x2000df50       0xb8 common/built-in.o
 .text.do_env_save
                0x2000e008       0x2c common/built-in.o
 .text._do_env_set.clone.0
                0x2000e034      0x1c4 common/built-in.o
 .text.do_env_set
                0x2000e1f8       0x1c common/built-in.o
 .text.get_env_id
                0x2000e214       0x10 common/built-in.o
                0x2000e214                get_env_id
 .text.setenv   0x2000e224       0x5c common/built-in.o
                0x2000e224                setenv
 .text.setenv_ulong
                0x2000e280       0x20 common/built-in.o
                0x2000e280                setenv_ulong
 .text.setenv_hex
                0x2000e2a0       0x38 common/built-in.o
                0x2000e2a0                setenv_hex
 .text.do_env_export
                0x2000e2d8      0x264 common/built-in.o
 .text.envmatch
                0x2000e53c       0x6c common/built-in.o
                0x2000e53c                envmatch
 .text.getenv_f
                0x2000e5a8       0xbc common/built-in.o
                0x2000e5a8                getenv_f
 .text.getenv   0x2000e664       0x78 common/built-in.o
                0x2000e664                getenv
 .text.do_env_edit
                0x2000e6dc       0x74 common/built-in.o
 .text.getenv_ulong
                0x2000e750       0x30 common/built-in.o
                0x2000e750                getenv_ulong
 .text.__env_get_char_spec
                0x2000e780        0xc common/built-in.o
                0x2000e780                env_get_char_spec
 .text.env_get_addr
                0x2000e78c       0x24 common/built-in.o
                0x2000e78c                env_get_addr
 .text.env_get_char_memory
                0x2000e7b0       0x10 common/built-in.o
                0x2000e7b0                env_get_char_memory
 .text.env_get_char
                0x2000e7c0       0x30 common/built-in.o
                0x2000e7c0                env_get_char
 .text.getenv_yesno
                0x2000e7f0       0x54 common/built-in.o
                0x2000e7f0                getenv_yesno
 .text.getenv_default
                0x2000e844       0x30 common/built-in.o
                0x2000e844                getenv_default
 .text.set_default_env
                0x2000e874       0xb8 common/built-in.o
                0x2000e874                set_default_env
 .text.set_default_vars
                0x2000e92c       0x34 common/built-in.o
                0x2000e92c                set_default_vars
 .text.env_import
                0x2000e960       0xdc common/built-in.o
                0x2000e960                env_import
 .text.env_relocate
                0x2000ea3c       0x30 common/built-in.o
                0x2000ea3c                env_relocate
 .text.env_complete
                0x2000ea6c       0xe8 common/built-in.o
                0x2000ea6c                env_complete
 .text.console_setfile
                0x2000eb54       0xa4 common/built-in.o
 .text.fgetc    0x2000ebf8       0x2c common/built-in.o
                0x2000ebf8                fgetc
 .text.ftstc    0x2000ec24       0x2c common/built-in.o
                0x2000ec24                ftstc
 .text.fputc    0x2000ec50       0x28 common/built-in.o
                0x2000ec50                fputc
 .text.fputs    0x2000ec78       0x28 common/built-in.o
                0x2000ec78                fputs
 .text.getc     0x2000eca0       0x24 common/built-in.o
                0x2000eca0                getc
 .text.tstc     0x2000ecc4       0x24 common/built-in.o
                0x2000ecc4                tstc
 .text.putc     0x2000ece8       0x28 common/built-in.o
                0x2000ece8                putc
 .text.puts     0x2000ed10       0x28 common/built-in.o
                0x2000ed10                puts
 .text.printf   0x2000ed38       0x50 common/built-in.o
                0x2000ed38                printf
 .text.vprintf  0x2000ed88       0x44 common/built-in.o
                0x2000ed88                vprintf
 .text.ctrlc    0x2000edcc       0x54 common/built-in.o
                0x2000edcc                ctrlc
 .text.had_ctrlc
                0x2000ee20       0x10 common/built-in.o
                0x2000ee20                had_ctrlc
 .text.clear_ctrlc
                0x2000ee30       0x14 common/built-in.o
                0x2000ee30                clear_ctrlc
 .text.search_device
                0x2000ee44       0x28 common/built-in.o
                0x2000ee44                search_device
 .text.console_assign
                0x2000ee6c       0x40 common/built-in.o
                0x2000ee6c                console_assign
 .text.on_console
                0x2000eeac       0xc4 common/built-in.o
 .text.console_init_f
                0x2000ef70       0x10 common/built-in.o
                0x2000ef70                console_init_f
 .text.stdio_print_current_devices
                0x2000ef80       0xb8 common/built-in.o
                0x2000ef80                stdio_print_current_devices
 .text.console_init_r
                0x2000f038       0xe0 common/built-in.o
                0x2000f038                console_init_r
 .text.sbrk     0x2000f118       0x6c common/built-in.o
                0x2000f118                sbrk
 .text.mem_malloc_init
                0x2000f184       0x34 common/built-in.o
                0x2000f184                mem_malloc_init
 .text.malloc_trim
                0x2000f1b8       0xd8 common/built-in.o
                0x2000f1b8                malloc_trim
 .text.free     0x2000f290      0x228 common/built-in.o
                0x2000f290                free
 .text.malloc   0x2000f4b8      0x5e0 common/built-in.o
                0x2000f4b8                malloc
 .text.calloc   0x2000fa98       0xe0 common/built-in.o
                0x2000fa98                calloc
 .text.memalign
                0x2000fb78      0x110 common/built-in.o
                0x2000fb78                memalign
 .text.realloc  0x2000fc88      0x450 common/built-in.o
                0x2000fc88                realloc
 .text.on_loadaddr
                0x200100d8       0x38 common/built-in.o
 .text.image_check_hcrc
                0x20010110       0x50 common/built-in.o
                0x20010110                image_check_hcrc
 .text.image_check_dcrc
                0x20010160       0x38 common/built-in.o
                0x20010160                image_check_dcrc
 .text.image_multi_count
                0x20010198       0x20 common/built-in.o
                0x20010198                image_multi_count
 .text.image_multi_getimg
                0x200101b8       0x7c common/built-in.o
                0x200101b8                image_multi_getimg
 .text.getenv_bootm_low
                0x20010234       0x30 common/built-in.o
                0x20010234                getenv_bootm_low
 .text.getenv_bootm_size
                0x20010264       0x5c common/built-in.o
                0x20010264                getenv_bootm_size
 .text.memmove_wd
                0x200102c0        0xc common/built-in.o
                0x200102c0                memmove_wd
 .text.genimg_print_size
                0x200102cc       0x30 common/built-in.o
                0x200102cc                genimg_print_size
 .text.get_table_entry_name
                0x200102fc       0x2c common/built-in.o
                0x200102fc                get_table_entry_name
 .text.genimg_get_os_name
                0x20010328       0x18 common/built-in.o
                0x20010328                genimg_get_os_name
 .text.genimg_get_arch_name
                0x20010340       0x18 common/built-in.o
                0x20010340                genimg_get_arch_name
 .text.genimg_get_type_name
                0x20010358       0x18 common/built-in.o
                0x20010358                genimg_get_type_name
 .text.genimg_get_comp_name
                0x20010370       0x18 common/built-in.o
                0x20010370                genimg_get_comp_name
 .text.image_print_contents
                0x20010388      0x170 common/built-in.o
                0x20010388                image_print_contents
 .text.genimg_get_format
                0x200104f8       0x20 common/built-in.o
                0x200104f8                genimg_get_format
 .text.genimg_get_image
                0x20010518        0x4 common/built-in.o
                0x20010518                genimg_get_image
 .text.boot_get_ramdisk
                0x2001051c      0x240 common/built-in.o
                0x2001051c                boot_get_ramdisk
 .text.boot_ramdisk_high
                0x2001075c      0x12c common/built-in.o
                0x2001075c                boot_ramdisk_high
 .text.get_ram_size
                0x20010888       0xf8 common/built-in.o
                0x20010888                get_ram_size
 .text.get_effective_memsize
                0x20010980        0x8 common/built-in.o
                0x20010980                get_effective_memsize
 .text.stdio_get_list
                0x20010988        0xc common/built-in.o
                0x20010988                stdio_get_list
 .text.stdio_get_by_name
                0x20010994       0x54 common/built-in.o
                0x20010994                stdio_get_by_name
 .text.stdio_clone
                0x200109e8       0x38 common/built-in.o
                0x200109e8                stdio_clone
 .text.stdio_register
                0x20010a20       0x44 common/built-in.o
                0x20010a20                stdio_register
 .text.stdio_init
                0x20010a64       0x90 common/built-in.o
                0x20010a64                stdio_init
 .text.get_device
                0x20010af4       0x54 disk/built-in.o
                0x20010af4                get_device
 .text.get_device_and_partition
                0x20010b48      0x290 disk/built-in.o
                0x20010b48                get_device_and_partition
 .text.add_mtd_device
                0x20010dd8       0x8c drivers/mtd/built-in.o
                0x20010dd8                add_mtd_device
 .text.get_mtd_device_nm
                0x20010e64       0x74 drivers/mtd/built-in.o
                0x20010e64                get_mtd_device_nm
 .text.mtd_erase
                0x20010ed8       0xa8 drivers/mtd/built-in.o
                0x20010ed8                mtd_erase
 .text.mtd_read
                0x20010f80       0xa8 drivers/mtd/built-in.o
                0x20010f80                mtd_read
 .text.mtd_write
                0x20011028       0xa4 drivers/mtd/built-in.o
                0x20011028                mtd_write
 .text.mtd_read_oob
                0x200110cc       0x30 drivers/mtd/built-in.o
                0x200110cc                mtd_read_oob
 .text.mtd_block_isbad
                0x200110fc       0x4c drivers/mtd/built-in.o
                0x200110fc                mtd_block_isbad
 .text.mtd_block_markbad
                0x20011148       0x5c drivers/mtd/built-in.o
                0x20011148                mtd_block_markbad
 .text.part_erase
                0x200111a4       0x6c drivers/mtd/built-in.o
 .text.mtd_erase_callback
                0x20011210       0x68 drivers/mtd/built-in.o
                0x20011210                mtd_erase_callback
 .text.nand_register
                0x20011278       0x9c drivers/mtd/nand/built-in.o
                0x20011278                nand_register
 .text.nand_init
                0x20011314       0x88 drivers/mtd/nand/built-in.o
                0x20011314                nand_init
 .text.read_bbt
                0x2001139c      0x1e4 drivers/mtd/nand/built-in.o
 .text.read_abs_bbt
                0x20011580       0xcc drivers/mtd/nand/built-in.o
 .text.scan_read_oob
                0x2001164c       0xc4 drivers/mtd/nand/built-in.o
 .text.scan_read
                0x20011710       0x64 drivers/mtd/nand/built-in.o
 .text.write_bbt
                0x20011774      0x69c drivers/mtd/nand/built-in.o
 .text.verify_bbt_descr
                0x20011e10      0x138 drivers/mtd/nand/built-in.o
 .text.check_pattern
                0x20011f48       0xa8 drivers/mtd/nand/built-in.o
 .text.search_bbt
                0x20011ff0      0x1bc drivers/mtd/nand/built-in.o
 .text.create_bbt
                0x200121ac      0x308 drivers/mtd/nand/built-in.o
 .text.nand_update_bbt
                0x200124b4      0x120 drivers/mtd/nand/built-in.o
                0x200124b4                nand_update_bbt
 .text.mark_bbt_region
                0x200125d4      0x174 drivers/mtd/nand/built-in.o
 .text.nand_scan_bbt
                0x20012748      0x508 drivers/mtd/nand/built-in.o
                0x20012748                nand_scan_bbt
 .text.nand_default_bbt
                0x20012c50      0x104 drivers/mtd/nand/built-in.o
                0x20012c50                nand_default_bbt
 .text.nand_isbad_bbt
                0x20012d54       0x54 drivers/mtd/nand/built-in.o
                0x20012d54                nand_isbad_bbt
 .text.check_skip_len
                0x20012da8       0xcc drivers/mtd/nand/built-in.o
 .text.nand_erase_opts
                0x20012e74      0x368 drivers/mtd/nand/built-in.o
                0x20012e74                nand_erase_opts
 .text.nand_write_skip_bad
                0x200131dc      0x3e4 drivers/mtd/nand/built-in.o
                0x200131dc                nand_write_skip_bad
 .text.nand_read_skip_bad
                0x200135c0      0x278 drivers/mtd/nand/built-in.o
                0x200135c0                nand_read_skip_bad
 .text.nand_calculate_ecc
                0x20013838       0xf0 drivers/mtd/nand/built-in.o
                0x20013838                nand_calculate_ecc
 .text.nand_correct_data
                0x20013928      0x11c drivers/mtd/nand/built-in.o
                0x20013928                nand_correct_data
 .text.nand_release_device
                0x20013a44       0x18 drivers/mtd/nand/built-in.o
 .text.nand_read_byte
                0x20013a5c       0x10 drivers/mtd/nand/built-in.o
                0x20013a5c                nand_read_byte
 .text.nand_read_byte16
                0x20013a6c       0x14 drivers/mtd/nand/built-in.o
 .text.nand_read_word
                0x20013a80       0x10 drivers/mtd/nand/built-in.o
 .text.nand_write_buf
                0x20013a90       0x2c drivers/mtd/nand/built-in.o
                0x20013a90                nand_write_buf
 .text.nand_read_buf
                0x20013abc       0x28 drivers/mtd/nand/built-in.o
                0x20013abc                nand_read_buf
 .text.nand_verify_buf
                0x20013ae4       0x40 drivers/mtd/nand/built-in.o
 .text.nand_write_buf16
                0x20013b24       0x30 drivers/mtd/nand/built-in.o
                0x20013b24                nand_write_buf16
 .text.nand_read_buf16
                0x20013b54       0x2c drivers/mtd/nand/built-in.o
                0x20013b54                nand_read_buf16
 .text.nand_verify_buf16
                0x20013b80       0x44 drivers/mtd/nand/built-in.o
 .text.nand_check_wp
                0x20013bc4       0x50 drivers/mtd/nand/built-in.o
 .text.nand_read_page_raw
                0x20013c14       0x44 drivers/mtd/nand/built-in.o
 .text.nand_read_page_raw_syndrome
                0x20013c58       0xd4 drivers/mtd/nand/built-in.o
 .text.nand_read_page_swecc
                0x20013d2c      0x124 drivers/mtd/nand/built-in.o
 .text.nand_read_subpage
                0x20013e50      0x278 drivers/mtd/nand/built-in.o
 .text.nand_read_page_hwecc
                0x200140c8      0x138 drivers/mtd/nand/built-in.o
 .text.nand_read_page_hwecc_oob_first
                0x20014200      0x138 drivers/mtd/nand/built-in.o
 .text.nand_read_page_syndrome
                0x20014338      0x124 drivers/mtd/nand/built-in.o
 .text.nand_read_oob_std
                0x2001445c       0x3c drivers/mtd/nand/built-in.o
 .text.nand_read_oob_syndrome
                0x20014498      0x104 drivers/mtd/nand/built-in.o
 .text.nand_write_oob_std
                0x2001459c       0x70 drivers/mtd/nand/built-in.o
 .text.nand_write_oob_syndrome
                0x2001460c      0x1b4 drivers/mtd/nand/built-in.o
 .text.nand_write_page_raw
                0x200147c0       0x44 drivers/mtd/nand/built-in.o
 .text.nand_write_page_raw_syndrome
                0x20014804       0xd4 drivers/mtd/nand/built-in.o
 .text.nand_write_page_swecc
                0x200148d8       0xb4 drivers/mtd/nand/built-in.o
 .text.nand_write_page_hwecc
                0x2001498c       0xc4 drivers/mtd/nand/built-in.o
 .text.nand_write_page_syndrome
                0x20014a50       0xf4 drivers/mtd/nand/built-in.o
 .text.single_erase_cmd
                0x20014b44       0x3c drivers/mtd/nand/built-in.o
 .text.multi_erase_cmd
                0x20014b80       0x8c drivers/mtd/nand/built-in.o
 .text.nand_sync
                0x20014c0c       0x10 drivers/mtd/nand/built-in.o
 .text.nand_onfi_set_features
                0x20014c1c       0x64 drivers/mtd/nand/built-in.o
 .text.nand_write_page
                0x20014c80       0xbc drivers/mtd/nand/built-in.o
 .text.nand_block_bad
                0x20014d3c      0x19c drivers/mtd/nand/built-in.o
 .text.nand_select_chip
                0x20014ed8       0x74 drivers/mtd/nand/built-in.o
 .text.nand_block_checkbad
                0x20014f4c       0x80 drivers/mtd/nand/built-in.o
 .text.nand_block_isbad
                0x20014fcc       0x1c drivers/mtd/nand/built-in.o
 .text.nand_block_markbad
                0x20014fe8       0x3c drivers/mtd/nand/built-in.o
 .text.nand_onfi_get_features
                0x20015024       0x6c drivers/mtd/nand/built-in.o
 .text.nand_fill_oob
                0x20015090      0x11c drivers/mtd/nand/built-in.o
 .text.nand_do_write_oob
                0x200151ac      0x19c drivers/mtd/nand/built-in.o
 .text.nand_do_write_ops
                0x20015348      0x37c drivers/mtd/nand/built-in.o
 .text.nand_write_oob
                0x200156c4       0xa8 drivers/mtd/nand/built-in.o
 .text.nand_write
                0x2001576c       0x64 drivers/mtd/nand/built-in.o
 .text.nand_transfer_oob
                0x200157d0      0x104 drivers/mtd/nand/built-in.o
 .text.nand_do_read_ops
                0x200158d4      0x3c4 drivers/mtd/nand/built-in.o
 .text.nand_read_oob
                0x20015c98      0x294 drivers/mtd/nand/built-in.o
 .text.nand_read
                0x20015f2c       0x64 drivers/mtd/nand/built-in.o
 .text.nand_wait
                0x20015f90       0xd4 drivers/mtd/nand/built-in.o
 .text.nand_wait_ready
                0x20016064       0x4c drivers/mtd/nand/built-in.o
                0x20016064                nand_wait_ready
 .text.nand_command
                0x200160b0      0x1e0 drivers/mtd/nand/built-in.o
 .text.nand_command_lp
                0x20016290      0x268 drivers/mtd/nand/built-in.o
 .text.nand_erase_nand
                0x200164f8      0x358 drivers/mtd/nand/built-in.o
                0x200164f8                nand_erase_nand
 .text.nand_erase
                0x20016850        0x8 drivers/mtd/nand/built-in.o
 .text.nand_default_block_markbad
                0x20016858      0x1c0 drivers/mtd/nand/built-in.o
 .text.nand_scan_ident
                0x20016a18      0x90c drivers/mtd/nand/built-in.o
                0x20016a18                nand_scan_ident
 .text.nand_scan_tail
                0x20017324      0x60c drivers/mtd/nand/built-in.o
                0x20017324                nand_scan_tail
 .text.nand_scan
                0x20017930       0x3c drivers/mtd/nand/built-in.o
                0x20017930                nand_scan
 .text.s5pv210_hwcontrol
                0x2001796c       0x88 drivers/mtd/nand/built-in.o
 .text.s5pv210_dev_ready
                0x200179f4       0x14 drivers/mtd/nand/built-in.o
 .text.s5pv210_nand_read_page_hwecc
                0x20017a08       0x40 drivers/mtd/nand/built-in.o
 .text.s5pv210_nand_correct_data
                0x20017a48       0x50 drivers/mtd/nand/built-in.o
 .text.s5pv210_nand_calculate_ecc
                0x20017a98      0x120 drivers/mtd/nand/built-in.o
 .text.s5pv210_nand_enable_hwecc
                0x20017bb8       0xe0 drivers/mtd/nand/built-in.o
                0x20017bb8                s5pv210_nand_enable_hwecc
 .text.s5pv210_nand_select_chip
                0x20017c98       0x68 drivers/mtd/nand/built-in.o
 .text.board_nand_init
                0x20017d00      0x118 drivers/mtd/nand/built-in.o
                0x20017d00                board_nand_init
 .text.dm9000_outblk_8bit
                0x20017e18       0x24 drivers/net/built-in.o
 .text.dm9000_outblk_16bit
                0x20017e3c       0x30 drivers/net/built-in.o
 .text.dm9000_outblk_32bit
                0x20017e6c       0x34 drivers/net/built-in.o
 .text.dm9000_inblk_8bit
                0x20017ea0       0x24 drivers/net/built-in.o
 .text.dm9000_inblk_16bit
                0x20017ec4       0x30 drivers/net/built-in.o
 .text.dm9000_inblk_32bit
                0x20017ef4       0x34 drivers/net/built-in.o
 .text.dm9000_rx_status_32bit
                0x20017f28       0x20 drivers/net/built-in.o
 .text.dm9000_rx_status_16bit
                0x20017f48       0x20 drivers/net/built-in.o
 .text.dm9000_rx_status_8bit
                0x20017f68       0x30 drivers/net/built-in.o
 .text.dm9000_reset
                0x20017f98       0xbc drivers/net/built-in.o
 .text.dm9000_rx
                0x20018054      0x158 drivers/net/built-in.o
 .text.dm9000_halt
                0x200181ac       0x84 drivers/net/built-in.o
 .text.dm9000_phy_read
                0x20018230       0x5c drivers/net/built-in.o
 .text.dm9000_init
                0x2001828c      0x37c drivers/net/built-in.o
 .text.dm9000_send
                0x20018608       0xd8 drivers/net/built-in.o
 .text.dm9000_initialize
                0x200186e0       0x60 drivers/net/built-in.o
                0x200186e0                dm9000_initialize
 .text.get_current
                0x20018740       0x3c drivers/serial/built-in.o
 .text.serial_null
                0x2001877c        0x4 drivers/serial/built-in.o
                0x2001877c                jz_serial_initialize
                0x2001877c                bfin_serial_initialize
                0x2001877c                p3mx_serial_initialize
                0x2001877c                leon2_serial_initialize
                0x2001877c                leon3_serial_initialize
                0x2001877c                amirix_serial_initialize
                0x2001877c                marvell_serial_initialize
                0x2001877c                cpci750_serial_initialize
                0x2001877c                ns16550_serial_initialize
                0x2001877c                asc_serial_initialize
                0x2001877c                altera_serial_initialize
                0x2001877c                oc_serial_initialize
                0x2001877c                sh_serial_initialize
                0x2001877c                mxs_auart_initialize
                0x2001877c                arm_dcc_initialize
                0x2001877c                bmw_serial_initialize
                0x2001877c                arc_serial_initialize
                0x2001877c                mcf_serial_initialize
                0x2001877c                lh7a40x_serial_initialize
                0x2001877c                evb64260_serial_initialize
                0x2001877c                lpc32xx_serial_initialize
                0x2001877c                max3100_serial_initialize
                0x2001877c                mpc85xx_serial_initialize
                0x2001877c                imx_serial_initialize
                0x2001877c                bfin_jtag_initialize
                0x2001877c                cogent_serial_initialize
                0x2001877c                clps7111_serial_initialize
                0x2001877c                ml2_serial_initialize
                0x2001877c                sandbox_serial_initialize
                0x2001877c                s3c24xx_serial_initialize
                0x2001877c                sconsole_serial_initialize
                0x2001877c                uartlite_serial_initialize
                0x2001877c                au1x00_serial_initialize
                0x2001877c                pxa_serial_initialize
                0x2001877c                atmel_serial_initialize
                0x2001877c                pl01x_serial_initialize
                0x2001877c                altera_jtag_serial_initialize
                0x2001877c                zynq_serial_initalize
                0x2001877c                mpc512x_serial_initialize
                0x2001877c                ks8695_serial_initialize
                0x2001877c                sa1100_serial_initialize
                0x2001877c                mpc8260_scc_serial_initialize
                0x2001877c                mxc_serial_initialize
                0x2001877c                iop480_serial_initialize
                0x2001877c                mpc8xx_serial_initialize
                0x2001877c                mpc8260_smc_serial_initialize
                0x2001877c                mpc5xx_serial_initialize
 .text.serial_register
                0x20018780       0x18 drivers/serial/built-in.o
                0x20018780                serial_register
 .text.serial_stdio_init
                0x20018798       0x90 drivers/serial/built-in.o
                0x20018798                serial_stdio_init
 .text.serial_assign
                0x20018828       0x50 drivers/serial/built-in.o
                0x20018828                serial_assign
 .text.serial_initialize
                0x20018878       0xd0 drivers/serial/built-in.o
                0x20018878                serial_initialize
 .text.serial_init
                0x20018948       0x14 drivers/serial/built-in.o
                0x20018948                serial_init
 .text.serial_setbrg
                0x2001895c       0x14 drivers/serial/built-in.o
                0x2001895c                serial_setbrg
 .text.on_baudrate
                0x20018970      0x108 drivers/serial/built-in.o
 .text.serial_getc
                0x20018a78       0x14 drivers/serial/built-in.o
                0x20018a78                serial_getc
 .text.serial_tstc
                0x20018a8c       0x14 drivers/serial/built-in.o
                0x20018a8c                serial_tstc
 .text.serial_putc
                0x20018aa0       0x1c drivers/serial/built-in.o
                0x20018aa0                serial_putc
 .text.serial_puts
                0x20018abc       0x1c drivers/serial/built-in.o
                0x20018abc                serial_puts
 .text.serial_getc_dev
                0x20018ad8       0x48 drivers/serial/built-in.o
 .text.serial_tstc_dev
                0x20018b20       0x34 drivers/serial/built-in.o
 .text.s5p_serial0_getc
                0x20018b54        0x8 drivers/serial/built-in.o
 .text.s5p_serial0_tstc
                0x20018b5c        0x8 drivers/serial/built-in.o
 .text.s5p_serial1_getc
                0x20018b64        0x8 drivers/serial/built-in.o
 .text.s5p_serial1_tstc
                0x20018b6c        0x8 drivers/serial/built-in.o
 .text.s5p_serial2_getc
                0x20018b74        0x8 drivers/serial/built-in.o
 .text.s5p_serial2_tstc
                0x20018b7c        0x8 drivers/serial/built-in.o
 .text.s5p_serial3_getc
                0x20018b84        0x8 drivers/serial/built-in.o
 .text.s5p_serial3_tstc
                0x20018b8c        0x8 drivers/serial/built-in.o
 .text.serial_putc_dev
                0x20018b94       0x50 drivers/serial/built-in.o
 .text.serial_puts_dev
                0x20018be4       0x28 drivers/serial/built-in.o
 .text.s5p_serial3_puts
                0x20018c0c        0x8 drivers/serial/built-in.o
 .text.s5p_serial2_puts
                0x20018c14        0x8 drivers/serial/built-in.o
 .text.s5p_serial1_puts
                0x20018c1c        0x8 drivers/serial/built-in.o
 .text.s5p_serial0_puts
                0x20018c24        0x8 drivers/serial/built-in.o
 .text.s5p_serial3_putc
                0x20018c2c        0x8 drivers/serial/built-in.o
 .text.s5p_serial2_putc
                0x20018c34        0x8 drivers/serial/built-in.o
 .text.s5p_serial1_putc
                0x20018c3c        0x8 drivers/serial/built-in.o
 .text.s5p_serial0_putc
                0x20018c44        0x8 drivers/serial/built-in.o
 .text.serial_setbrg_dev
                0x20018c4c       0x5c drivers/serial/built-in.o
 .text.s5p_serial3_setbrg
                0x20018ca8        0x8 drivers/serial/built-in.o
 .text.serial_init_dev
                0x20018cb0       0x38 drivers/serial/built-in.o
 .text.s5p_serial3_init
                0x20018ce8        0x8 drivers/serial/built-in.o
 .text.s5p_serial2_init
                0x20018cf0        0x8 drivers/serial/built-in.o
 .text.s5p_serial1_init
                0x20018cf8        0x8 drivers/serial/built-in.o
 .text.s5p_serial0_init
                0x20018d00        0x8 drivers/serial/built-in.o
 .text.s5p_serial2_setbrg
                0x20018d08        0x8 drivers/serial/built-in.o
 .text.s5p_serial1_setbrg
                0x20018d10        0x8 drivers/serial/built-in.o
 .text.s5p_serial0_setbrg
                0x20018d18        0x8 drivers/serial/built-in.o
 .text.default_serial_console
                0x20018d20       0x1c drivers/serial/built-in.o
                0x20018d20                default_serial_console
 .text.s5p_serial_initialize
                0x20018d3c       0x38 drivers/serial/built-in.o
                0x20018d3c                s5p_serial_initialize
 .text.fs_ls_unsupported
                0x20018d74        0x8 fs/built-in.o
 .text.fs_exists_unsupported
                0x20018d7c        0x8 fs/built-in.o
 .text.fs_read_unsupported
                0x20018d84        0x8 fs/built-in.o
 .text.fs_write_unsupported
                0x20018d8c        0x8 fs/built-in.o
 .text.fs_close_unsupported
                0x20018d94        0x4 fs/built-in.o
 .text.fs_get_info
                0x20018d98       0x20 fs/built-in.o
 .text.fs_close
                0x20018db8       0x28 fs/built-in.o
 .text.fs_probe_unsupported
                0x20018de0       0x18 fs/built-in.o
 .text.fs_set_blk_dev
                0x20018df8       0xb0 fs/built-in.o
                0x20018df8                fs_set_blk_dev
 .text.fs_ls    0x20018ea8       0x3c fs/built-in.o
                0x20018ea8                fs_ls
 .text.fs_exists
                0x20018ee4       0x34 fs/built-in.o
                0x20018ee4                fs_exists
 .text.fs_read  0x20018f18       0x80 fs/built-in.o
                0x20018f18                fs_read
 .text.do_load  0x20018f98      0x1cc fs/built-in.o
                0x20018f98                do_load
 .text.do_ls    0x20019164       0x6c fs/built-in.o
                0x20019164                do_ls
 .text.file_exists
                0x200191d0       0x2c fs/built-in.o
                0x200191d0                file_exists
 .text.downcase
                0x200191fc       0x30 fs/built-in.o
 .text.disk_read
                0x2001922c       0x5c fs/built-in.o
 .text.dirdelim
                0x20019288       0x34 fs/built-in.o
 .text.get_fatent
                0x200192bc      0x16c fs/built-in.o
 .text.slot2str
                0x20019428       0xd0 fs/built-in.o
 .text.mkcksum  0x200194f8       0x54 fs/built-in.o
 .text.get_name
                0x2001954c       0xb8 fs/built-in.o
 .text.read_bootsectandvi
                0x20019604      0x128 fs/built-in.o
 .text.get_cluster
                0x2001972c      0x174 fs/built-in.o
 .text.get_vfatname
                0x200198a0      0x1bc fs/built-in.o
 .text.fat_set_blk_dev
                0x20019a5c       0xcc fs/built-in.o
                0x20019a5c                fat_set_blk_dev
 .text.do_fat_read_at
                0x20019b28      0xb74 fs/built-in.o
                0x20019b28                do_fat_read_at
 .text.do_fat_read
                0x2001a69c       0x28 fs/built-in.o
                0x2001a69c                do_fat_read
 .text.file_fat_detectfs
                0x2001a6c4       0x90 fs/built-in.o
                0x2001a6c4                file_fat_detectfs
 .text.file_fat_ls
                0x2001a754       0x10 fs/built-in.o
                0x2001a754                file_fat_ls
 .text.fat_exists
                0x2001a764       0x2c fs/built-in.o
                0x2001a764                fat_exists
 .text.file_fat_read_at
                0x2001a790       0x48 fs/built-in.o
                0x2001a790                file_fat_read_at
 .text.fat_read_file
                0x2001a7d8       0x3c fs/built-in.o
                0x2001a7d8                fat_read_file
 .text.fat_close
                0x2001a814        0x4 fs/built-in.o
                0x2001a814                fat_close
 .text.zcfree   0x2001a818        0x8 lib/built-in.o
                0x2001a818                zcfree
 .text.zcalloc  0x2001a820        0x8 lib/built-in.o
                0x2001a820                zcalloc
 .text.inflate_fast
                0x2001a828      0x574 lib/built-in.o
                0x2001a828                inflate_fast
 .text.inflate_table
                0x2001ad9c      0x568 lib/built-in.o
                0x2001ad9c                inflate_table
 .text.inflateReset
                0x2001b304       0x80 lib/built-in.o
                0x2001b304                inflateReset
 .text.inflateInit2_
                0x2001b384      0x104 lib/built-in.o
                0x2001b384                inflateInit2_
 .text.inflateEnd
                0x2001b488       0x6c lib/built-in.o
                0x2001b488                inflateEnd
 .text.adler32  0x2001b4f4      0x2e8 lib/built-in.o
                0x2001b4f4                adler32
 .text.inflate  0x2001b7dc     0x1674 lib/built-in.o
                0x2001b7dc                inflate
 .text.cyg_crc16
                0x2001ce50       0x44 lib/built-in.o
                0x2001ce50                cyg_crc16
 .text.gzfree   0x2001ce94        0x8 lib/built-in.o
                0x2001ce94                gzfree
 .text.gzalloc  0x2001ce9c       0x10 lib/built-in.o
                0x2001ce9c                gzalloc
 .text.zunzip   0x2001ceac      0x124 lib/built-in.o
                0x2001ceac                zunzip
 .text.gunzip   0x2001cfd0       0xac lib/built-in.o
                0x2001cfd0                gunzip
 .text.lmb_add_region
                0x2001d07c      0x1b8 lib/built-in.o
 .text.lmb_init
                0x2001d234       0x28 lib/built-in.o
                0x2001d234                lmb_init
 .text.lmb_add  0x2001d25c        0x4 lib/built-in.o
                0x2001d25c                lmb_add
 .text.lmb_reserve
                0x2001d260        0x8 lib/built-in.o
                0x2001d260                lmb_reserve
 .text.lmb_overlaps_region
                0x2001d268       0x54 lib/built-in.o
                0x2001d268                lmb_overlaps_region
 .text.__lmb_alloc_base
                0x2001d2bc      0x130 lib/built-in.o
                0x2001d2bc                __lmb_alloc_base
 .text.lmb_alloc_base
                0x2001d3ec       0x34 lib/built-in.o
                0x2001d3ec                lmb_alloc_base
 .text.lmb_alloc
                0x2001d420        0x8 lib/built-in.o
                0x2001d420                lmb_alloc
 .text.__board_lmb_reserve
                0x2001d428        0x4 lib/built-in.o
                0x2001d428                board_lmb_reserve
                0x2001d428                __board_lmb_reserve
 .text.string_to_ip
                0x2001d42c       0x68 lib/built-in.o
                0x2001d42c                string_to_ip
 .text.qsort    0x2001d494       0xec lib/built-in.o
                0x2001d494                qsort
 .text.strcmp_compar
                0x2001d580        0xc lib/built-in.o
                0x2001d580                strcmp_compar
 .text.strmhz   0x2001d58c       0x6c lib/built-in.o
                0x2001d58c                strmhz
 .text.drop_var_from_set
                0x2001d5f8       0x5c lib/built-in.o
 .text.cmpkey   0x2001d654       0x14 lib/built-in.o
 .text.match_string.clone.1
                0x2001d668       0x64 lib/built-in.o
 .text.hcreate_r
                0x2001d6cc       0xac lib/built-in.o
                0x2001d6cc                hcreate_r
 .text.hdestroy_r
                0x2001d778       0x74 lib/built-in.o
                0x2001d778                hdestroy_r
 .text.hmatch_r
                0x2001d7ec       0xa0 lib/built-in.o
                0x2001d7ec                hmatch_r
 .text.hsearch_r
                0x2001d88c      0x4e4 lib/built-in.o
                0x2001d88c                hsearch_r
 .text.hdelete_r
                0x2001dd70      0x11c lib/built-in.o
                0x2001dd70                hdelete_r
 .text.hexport_r
                0x2001de8c      0x340 lib/built-in.o
                0x2001de8c                hexport_r
 .text.himport_r
                0x2001e1cc      0x328 lib/built-in.o
                0x2001e1cc                himport_r
 .text.hwalk_r  0x2001e4f4       0x58 lib/built-in.o
                0x2001e4f4                hwalk_r
 .text.print_size
                0x2001e54c      0x12c lib/built-in.o
                0x2001e54c                print_size
 .text.print_buffer
                0x2001e678      0x1ac lib/built-in.o
                0x2001e678                print_buffer
 .text.crc32_no_comp
                0x2001e824       0xe8 lib/built-in.o
                0x2001e824                crc32_no_comp
 .text.crc32    0x2001e90c       0x14 lib/built-in.o
                0x2001e90c                crc32
 .text.crc32_wd
                0x2001e920        0x4 lib/built-in.o
                0x2001e920                crc32_wd
 .text.__div64_32
                0x2001e924       0xfc lib/built-in.o
                0x2001e924                __div64_32
 .text.hang     0x2001ea20       0x1c lib/built-in.o
                0x2001ea20                hang
 .text.skip_spaces
                0x2001ea3c       0x24 lib/built-in.o
                0x2001ea3c                skip_spaces
 .text.strim    0x2001ea60       0x54 lib/built-in.o
                0x2001ea60                strim
 .text.check_bytes8
                0x2001eab4       0x30 lib/built-in.o
 .text.strcpy   0x2001eae4       0x1c lib/built-in.o
                0x2001eae4                strcpy
 .text.strncpy  0x2001eb00       0x28 lib/built-in.o
                0x2001eb00                strncpy
 .text.strcat   0x2001eb28       0x30 lib/built-in.o
                0x2001eb28                strcat
 .text.strncat  0x2001eb58       0x50 lib/built-in.o
                0x2001eb58                strncat
 .text.strcmp   0x2001eba8       0x30 lib/built-in.o
                0x2001eba8                strcmp
 .text.strncmp  0x2001ebd8       0x48 lib/built-in.o
                0x2001ebd8                strncmp
 .text.strchr   0x2001ec20       0x34 lib/built-in.o
                0x2001ec20                strchr
 .text.strlen   0x2001ec54       0x1c lib/built-in.o
                0x2001ec54                strlen
 .text.strnlen  0x2001ec70       0x28 lib/built-in.o
                0x2001ec70                strnlen
 .text.strdup   0x2001ec98       0x34 lib/built-in.o
                0x2001ec98                strdup
 .text.strpbrk  0x2001eccc       0x3c lib/built-in.o
                0x2001eccc                strpbrk
 .text.memset   0x2001ed08       0x68 lib/built-in.o
                0x2001ed08                memset
 .text.memcpy   0x2001ed70       0x74 lib/built-in.o
                0x2001ed70                memcpy
 .text.memmove  0x2001ede4       0x58 lib/built-in.o
                0x2001ede4                memmove
 .text.memcmp   0x2001ee3c       0x38 lib/built-in.o
                0x2001ee3c                memcmp
 .text.strstr   0x2001ee74       0x60 lib/built-in.o
                0x2001ee74                strstr
 .text.memchr_inv
                0x2001eed4       0xc8 lib/built-in.o
                0x2001eed4                memchr_inv
 .text.udelay   0x2001ef9c       0x30 lib/built-in.o
                0x2001ef9c                udelay
 .text.put_dec_trunc
                0x2001efcc       0xc8 lib/built-in.o
 .text.put_dec  0x2001f094      0x11c lib/built-in.o
 .text.string.clone.0
                0x2001f1b0       0x90 lib/built-in.o
 .text.number.clone.4
                0x2001f240      0x21c lib/built-in.o
 .text.vsnprintf_internal.clone.6
                0x2001f45c      0x66c lib/built-in.o
 .text.simple_strtoul
                0x2001fac8       0xac lib/built-in.o
                0x2001fac8                simple_strtoul
 .text.strict_strtoul
                0x2001fb74       0x78 lib/built-in.o
                0x2001fb74                strict_strtoul
 .text.simple_strtol
                0x2001fbec       0x28 lib/built-in.o
                0x2001fbec                simple_strtol
 .text.simple_strtoull
                0x2001fc14       0xd4 lib/built-in.o
                0x2001fc14                simple_strtoull
 .text.vsprintf
                0x2001fce8        0x4 lib/built-in.o
                0x2001fce8                vsprintf
 .text.sprintf  0x2001fcec       0x24 lib/built-in.o
                0x2001fcec                sprintf
 .text.panic    0x2001fd10       0x44 lib/built-in.o
                0x2001fd10                panic
 .text.simple_itoa
                0x2001fd54       0x58 lib/built-in.o
                0x2001fd54                simple_itoa
 .text.ArpInit  0x2001fdac       0x50 net/built-in.o
                0x2001fdac                ArpInit
 .text.arp_raw_request
                0x2001fdfc       0xcc net/built-in.o
                0x2001fdfc                arp_raw_request
 .text.ArpRequest
                0x2001fec8       0x8c net/built-in.o
                0x2001fec8                ArpRequest
 .text.ArpTimeoutCheck
                0x2001ff54       0x80 net/built-in.o
                0x2001ff54                ArpTimeoutCheck
 .text.ArpReceive
                0x2001ffd4      0x21c net/built-in.o
                0x2001ffd4                ArpReceive
 .text.BootpHandler
                0x200201f0      0x380 net/built-in.o
 .text.BootpRequest
                0x20020570      0x1fc net/built-in.o
                0x20020570                BootpRequest
 .text.BootpTimeout
                0x2002076c       0x44 net/built-in.o
 .text.__def_eth_init
                0x200207b0        0x8 net/built-in.o
                0x200207b0                cpu_eth_init
 .text.eth_current_changed
                0x200207b8       0x5c net/built-in.o
 .text.eth_parse_enetaddr
                0x20020814       0x5c net/built-in.o
                0x20020814                eth_parse_enetaddr
 .text.eth_getenv_enetaddr
                0x20020870       0x5c net/built-in.o
                0x20020870                eth_getenv_enetaddr
 .text.eth_setenv_enetaddr
                0x200208cc       0x38 net/built-in.o
                0x200208cc                eth_setenv_enetaddr
 .text.eth_getenv_enetaddr_by_index
                0x20020904       0x54 net/built-in.o
                0x20020904                eth_getenv_enetaddr_by_index
 .text.eth_get_dev_by_index
                0x20020958       0x44 net/built-in.o
                0x20020958                eth_get_dev_by_index
 .text.eth_get_dev_index
                0x2002099c       0x1c net/built-in.o
                0x2002099c                eth_get_dev_index
 .text.eth_write_hwaddr
                0x200209b8      0x1dc net/built-in.o
                0x200209b8                eth_write_hwaddr
 .text.eth_register
                0x20020b94       0x80 net/built-in.o
                0x20020b94                eth_register
 .text.eth_initialize
                0x20020c14      0x1cc net/built-in.o
                0x20020c14                eth_initialize
 .text.eth_halt
                0x20020de0       0x30 net/built-in.o
                0x20020de0                eth_halt
 .text.eth_send
                0x20020e10       0x38 net/built-in.o
                0x20020e10                eth_send
 .text.eth_rx   0x20020e48       0x2c net/built-in.o
                0x20020e48                eth_rx
 .text.eth_try_another
                0x20020e74       0x88 net/built-in.o
                0x20020e74                eth_try_another
 .text.eth_init
                0x20020efc       0xc8 net/built-in.o
                0x20020efc                eth_init
 .text.eth_set_current
                0x20020fc4       0xac net/built-in.o
                0x20020fc4                eth_set_current
 .text.eth_get_name
                0x20021070       0x20 net/built-in.o
                0x20021070                eth_get_name
 .text.startAgainTimeout
                0x20021090       0x14 net/built-in.o
 .text.dummy_handler
                0x200210a4        0x4 net/built-in.o
 .text.net_auto_load
                0x200210a8       0x64 net/built-in.o
                0x200210a8                net_auto_load
 .text.net_set_udp_handler
                0x2002110c       0x20 net/built-in.o
                0x2002110c                net_set_udp_handler
 .text.net_get_arp_handler
                0x2002112c       0x10 net/built-in.o
                0x2002112c                net_get_arp_handler
 .text.net_set_arp_handler
                0x2002113c       0x20 net/built-in.o
                0x2002113c                net_set_arp_handler
 .text.NetSetTimeout
                0x2002115c       0x4c net/built-in.o
                0x2002115c                NetSetTimeout
 .text.NetStartAgain
                0x200211a8      0x124 net/built-in.o
                0x200211a8                NetStartAgain
 .text.net_clear_handlers
                0x200212cc       0x24 net/built-in.o
 .text.NetCksum
                0x200212f0       0x34 net/built-in.o
                0x200212f0                NetCksum
 .text.NetCksumOk
                0x20021324       0x20 net/built-in.o
                0x20021324                NetCksumOk
 .text.NetReceive
                0x20021344      0x29c net/built-in.o
                0x20021344                NetReceive
 .text.NetEthHdrSize
                0x200215e0       0x3c net/built-in.o
                0x200215e0                NetEthHdrSize
 .text.NetSetEther
                0x2002161c       0xa0 net/built-in.o
                0x2002161c                NetSetEther
 .text.net_update_ether
                0x200216bc       0x88 net/built-in.o
                0x200216bc                net_update_ether
 .text.net_set_ip_header
                0x20021744       0x88 net/built-in.o
                0x20021744                net_set_ip_header
 .text.net_set_udp_header
                0x200217cc       0xa8 net/built-in.o
                0x200217cc                net_set_udp_header
 .text.NetSendUDPPacket
                0x20021874      0x104 net/built-in.o
                0x20021874                NetSendUDPPacket
 .text.copy_filename
                0x20021978       0x44 net/built-in.o
                0x20021978                copy_filename
 .text.on_bootfile
                0x200219bc       0x2c net/built-in.o
 .text.ip_to_string
                0x200219e8       0x34 net/built-in.o
                0x200219e8                ip_to_string
 .text.string_to_VLAN
                0x20021a1c       0x4c net/built-in.o
                0x20021a1c                string_to_VLAN
 .text.getenv_VLAN
                0x20021a68       0x10 net/built-in.o
                0x20021a68                getenv_VLAN
 .text.NetInitLoop
                0x20021a78       0xf0 net/built-in.o
 .text.net_init
                0x20021b68       0x70 net/built-in.o
                0x20021b68                net_init
 .text.NetLoop  0x20021bd8      0x33c net/built-in.o
                0x20021bd8                NetLoop
 .text.basename
                0x20021f14       0x40 net/built-in.o
 .text.rpc_add_credentials
                0x20021f54       0xc8 net/built-in.o
 .text.rpc_lookup_reply
                0x2002201c       0xb0 net/built-in.o
 .text.nfs_mount_reply
                0x200220cc       0xb4 net/built-in.o
 .text.nfs_umountall_reply
                0x20022180       0x98 net/built-in.o
 .text.nfs_lookup_reply
                0x20022218       0xa4 net/built-in.o
 .text.rpc_req  0x200222bc       0xfc net/built-in.o
 .text.rpc_lookup_req
                0x200223b8       0x58 net/built-in.o
 .text.nfs_mount_req
                0x20022410       0x90 net/built-in.o
 .text.nfs_umountall_req
                0x200224a0       0x60 net/built-in.o
 .text.nfs_lookup_req
                0x20022500       0xa4 net/built-in.o
 .text.nfs_read_req
                0x200225a4       0x78 net/built-in.o
 .text.nfs_readlink_req
                0x2002261c       0x58 net/built-in.o
 .text.NfsSend  0x20022674       0xa0 net/built-in.o
 .text.nfs_readlink_reply
                0x20022714      0x100 net/built-in.o
 .text.NfsTimeout
                0x20022814       0x64 net/built-in.o
 .text.nfs_read_reply.clone.0
                0x20022878      0x140 net/built-in.o
 .text.NfsHandler
                0x200229b8      0x250 net/built-in.o
 .text.NfsStart
                0x20022c08      0x264 net/built-in.o
                0x20022c08                NfsStart
 .text.ping_timeout
                0x20022e6c       0x1c net/built-in.o
 .text.ping_start
                0x20022e88      0x12c net/built-in.o
                0x20022e88                ping_start
 .text.ping_receive
                0x20022fb4       0xec net/built-in.o
                0x20022fb4                ping_receive
 .text.TftpSend
                0x200230a0      0x1c0 net/built-in.o
 .text.TftpTimeout
                0x20023260       0x88 net/built-in.o
 .text.TftpHandler
                0x200232e8      0x3ac net/built-in.o
 .text.TftpStart
                0x20023694      0x344 net/built-in.o
                0x20023694                TftpStart
 .text.raise    0x200239d8       0x1c arch/arm/lib/eabi_compat.o
                0x200239d8                raise
 .text          0x200239f4      0x20c /usr/local/arm/4.5.1/bin/../lib/gcc/arm-none-linux-gnueabi/4.5.1/libgcc.a(_udivsi3.o)
                0x200239f4                __udivsi3
                0x200239f4                __aeabi_uidiv
                0x20023be0                __aeabi_uidivmod
 .text          0x20023c00      0x240 /usr/local/arm/4.5.1/bin/../lib/gcc/arm-none-linux-gnueabi/4.5.1/libgcc.a(_divsi3.o)
                0x20023c00                __aeabi_idiv
                0x20023c00                __divsi3
                0x20023e20                __aeabi_idivmod
 .text          0x20023e40       0x1c /usr/local/arm/4.5.1/bin/../lib/gcc/arm-none-linux-gnueabi/4.5.1/libgcc.a(_lshrdi3.o)
                0x20023e40                __aeabi_llsr
                0x20023e40                __lshrdi3
 .text          0x20023e5c       0x1c /usr/local/arm/4.5.1/bin/../lib/gcc/arm-none-linux-gnueabi/4.5.1/libgcc.a(_ashrdi3.o)
                0x20023e5c                __ashrdi3
                0x20023e5c                __aeabi_lasr
 .text          0x20023e78       0x1c /usr/local/arm/4.5.1/bin/../lib/gcc/arm-none-linux-gnueabi/4.5.1/libgcc.a(_ashldi3.o)
                0x20023e78                __ashldi3
                0x20023e78                __aeabi_llsl
 .text          0x20023e94       0x10 /usr/local/arm/4.5.1/bin/../lib/gcc/arm-none-linux-gnueabi/4.5.1/libgcc.a(_dvmd_lnx.o)
                0x20023e94                __aeabi_ldiv0
                0x20023e94                __aeabi_idiv0

.glue_7         0x20023ea4        0x0
 .glue_7        0x00000000        0x0 linker stubs

.glue_7t        0x20023ea4        0x0
 .glue_7t       0x00000000        0x0 linker stubs

.vfp11_veneer   0x20023ea4        0x0
 .vfp11_veneer  0x00000000        0x0 linker stubs

.v4_bx          0x20023ea4        0x0
 .v4_bx         0x00000000        0x0 linker stubs
                0x20023ea4                . = ALIGN (0x4)

.rodata         0x20023ea8     0x9050
 *(SORT(.rodata*))
 .rodata.location.4449
                0x20023ea8       0x30 common/built-in.o
 .rodata.C.0.4635
                0x20023ed8       0x80 arch/arm/lib/built-in.o
 .rodata.CSWTCH.13
                0x20023f58       0x20 common/built-in.o
 .rodata.CSWTCH.38
                0x20023f78       0x58 common/built-in.o
 .rodata.__FUNCTION__.4278
                0x20023fd0       0x14 drivers/mtd/nand/built-in.o
 .rodata.__FUNCTION__.4339
                0x20023fe4        0xc drivers/mtd/nand/built-in.o
 .rodata.__FUNCTION__.4372
                0x20023ff0       0x1c drivers/mtd/nand/built-in.o
 .rodata.__FUNCTION__.4386
                0x2002400c       0x1c common/built-in.o
 .rodata.__FUNCTION__.4488
                0x20024028       0x14 drivers/mtd/nand/built-in.o
 .rodata.__FUNCTION__.4637
                0x2002403c       0x14 drivers/mtd/nand/built-in.o
 .rodata.__FUNCTION__.4889
                0x20024050       0x10 drivers/mtd/nand/built-in.o
 .rodata.__FUNCTION__.5136
                0x20024060       0x10 drivers/mtd/nand/built-in.o
 .rodata.__func__.3517
                0x20024070       0x18 arch/arm/cpu/armv7/built-in.o
 .rodata.__func__.3642
                0x20024088       0x10 common/built-in.o
 .rodata.__func__.3653
                0x20024098        0xc common/built-in.o
 .rodata.__func__.3822
                0x200240a4       0x10 common/built-in.o
 .rodata.__func__.3856
                0x200240b4       0x10 common/built-in.o
 .rodata.__func__.4450
                0x200240c4        0x8 common/built-in.o
 .rodata.__func__.4489
                0x200240cc        0xc common/built-in.o
 .rodata._ctype
                0x200240d8      0x100 lib/built-in.o
                0x200240d8                _ctype
 .rodata.boot_os
                0x200241d8       0x60 common/built-in.o
 .rodata.crc16_tab
                0x20024238      0x200 lib/built-in.o
 .rodata.crc_table
                0x20024438      0x400 lib/built-in.o
 .rodata.dbase.3812
                0x20024838       0x40 lib/built-in.o
 .rodata.default_environment
                0x20024878      0x784 common/built-in.o
                0x20024878                default_environment
 .rodata.delims.3521
                0x20024ffc        0x4 common/built-in.o
 .rodata.dext.3813
                0x20025000       0x40 lib/built-in.o
 .rodata.distfix
                0x20025040       0x80 lib/built-in.o
 .rodata.env_flags_varaccess_mask
                0x200250c0       0x10 common/built-in.o
 .rodata.env_flags_varaccess_rep
                0x200250d0        0x8 common/built-in.o
 .rodata.env_flags_vartype_rep
                0x200250d8        0x8 common/built-in.o
 .rodata.erase_seq
                0x200250e0        0x4 common/built-in.o
 .rodata.lbase.3810
                0x200250e4       0x40 lib/built-in.o
 .rodata.lenfix
                0x20025124      0x800 lib/built-in.o
 .rodata.lext.3811
                0x20025924       0x40 lib/built-in.o
 .rodata.names.3425
                0x20025964        0x8 lib/built-in.o
 .rodata.nand_ecc_precalc_table
                0x2002596c      0x100 drivers/mtd/nand/built-in.o
 .rodata.nand_flash_ids
                0x20025a6c      0x6d8 drivers/mtd/nand/built-in.o
                0x20025a6c                nand_flash_ids
 .rodata.nand_manuf_ids
                0x20026144       0x60 drivers/mtd/nand/built-in.o
                0x20026144                nand_manuf_ids
 .rodata.op_adv
                0x200261a4      0x100 common/built-in.o
                0x200261a4                op_adv
 .rodata.op_table
                0x200262a4       0x68 common/built-in.o
 .rodata.order.3906
                0x2002630c       0x28 lib/built-in.o
 .rodata.tab_seq
                0x20026334        0xc common/built-in.o
 .rodata.udivslot
                0x20026340       0x40 drivers/serial/built-in.o
 .rodata.uimage_arch
                0x20026380      0x120 common/built-in.o
 .rodata.uimage_comp
                0x200264a0       0x48 common/built-in.o
 .rodata.uimage_os
                0x200264e8       0x78 common/built-in.o
 .rodata.uimage_type
                0x20026560       0xd8 common/built-in.o
 .rodata.version_string
                0x20026638       0x38 common/built-in.o
                0x20026638                version_string
 .rodata        0x20026670      0x784 common/built-in.o
 .rodata        0x20026df4       0x11 lib/built-in.o
 .rodata        0x20026e05        0xe net/built-in.o
 .rodata.str1.1
                0x20026e13       0x7a arch/arm/cpu/armv7/built-in.o
 .rodata.str1.1
                0x20026e8d       0x16 arch/arm/cpu/armv7/s5pc1xx/built-in.o
 .rodata.str1.1
                0x20026ea3      0x331 arch/arm/lib/built-in.o
                                0x34f (size before relaxing)
 .rodata.str1.1
                0x200271d4       0x11 board/samsung/smart210/built-in.o
 .rodata.str1.1
                0x200271e5     0x3fbf common/built-in.o
                               0x43d4 (size before relaxing)
 .rodata.str1.1
                0x2002b1a4      0x110 disk/built-in.o
                                0x124 (size before relaxing)
 .rodata.str1.1
                0x2002b2b4      0x1ee drivers/mtd/built-in.o
 .rodata.str1.1
                0x2002b4a2      0xa21 drivers/mtd/nand/built-in.o
                                0xa9f (size before relaxing)
 .rodata.str1.1
                0x2002bec3      0x22a drivers/net/built-in.o
                                0x230 (size before relaxing)
 .rodata.str1.1
                0x2002c0ed       0x57 drivers/serial/built-in.o
                                 0x92 (size before relaxing)
 .rodata.str1.1
                0x2002c144      0x267 fs/built-in.o
                                0x2a7 (size before relaxing)
 .rodata.str1.1
                0x2002c3ab      0x467 lib/built-in.o
                                0x481 (size before relaxing)
 .rodata.str1.1
                0x2002c812      0x6cb net/built-in.o
                                0x868 (size before relaxing)
 .rodata.str1.1
                0x2002cedd       0x1b arch/arm/lib/eabi_compat.o

.hash           0x2002cef8       0x2c
 .hash          0x2002cef8       0x2c arch/arm/cpu/armv7/start.o
                0x2002cf24                . = ALIGN (0x4)

.data           0x2002cf24     0x4e6e
 *(.data*)
 .data.s5p_cpu_id
                0x2002cf24        0x4 arch/arm/cpu/armv7/built-in.o
                0x2002cf24                s5p_cpu_id
 .data.s5p_cpu_rev
                0x2002cf28        0x4 arch/arm/cpu/armv7/built-in.o
                0x2002cf28                s5p_cpu_rev
 .data.init_sequence
                0x2002cf2c       0x30 arch/arm/lib/built-in.o
                0x2002cf2c                init_sequence
 .data.hist_cur
                0x2002cf5c        0x4 common/built-in.o
 .data.reserved_list
                0x2002cf60       0x84 common/built-in.o
 .data.bootm_help_text
                0x2002cfe4      0x248 common/built-in.o
 .data.cmd_bootm_sub
                0x2002d22c       0xe0 common/built-in.o
 .data.first_call
                0x2002d30c        0x8 common/built-in.o
 .data.env_name_spec
                0x2002d314        0x4 common/built-in.o
                0x2002d314                env_name_spec
 .data.source_help_text
                0x2002d318       0x50 common/built-in.o
 .data.do_echo  0x2002d368        0x4 common/built-in.o
 .data.dp_last_length
                0x2002d36c        0x4 common/built-in.o
 .data.mtdparts_help_text
                0x2002d370      0x4d4 common/built-in.o
 .data.nand_help_text
                0x2002d844      0x488 common/built-in.o
 .data.imgextract_help_text
                0x2002dccc       0x58 common/built-in.o
 .data.env_help_text
                0x2002dd24      0x218 common/built-in.o
 .data.env_id   0x2002df3c        0x4 common/built-in.o
 .data.cmd_env_sub
                0x2002df40       0xfc common/built-in.o
 .data.env_htab
                0x2002e03c       0x10 common/built-in.o
                0x2002e03c                env_htab
 .data.av_      0x2002e04c      0x408 common/built-in.o
 .data.sbrk_base
                0x2002e454        0x4 common/built-in.o
 .data.trim_threshold
                0x2002e458        0x4 common/built-in.o
 .data.load_addr
                0x2002e45c        0x4 common/built-in.o
                0x2002e45c                load_addr
 .data.stdio_names
                0x2002e460        0xc common/built-in.o
                0x2002e460                stdio_names
 .data.nand_curr_device
                0x2002e46c        0x4 drivers/mtd/nand/built-in.o
                0x2002e46c                nand_curr_device
 .data.bbt_mirror_descr
                0x2002e470       0x24 drivers/mtd/nand/built-in.o
 .data.mirror_pattern
                0x2002e494        0x4 drivers/mtd/nand/built-in.o
 .data.bbt_main_no_oob_descr
                0x2002e498       0x24 drivers/mtd/nand/built-in.o
 .data.scan_agand_pattern
                0x2002e4bc        0x8 drivers/mtd/nand/built-in.o
 .data.bbt_mirror_no_oob_descr
                0x2002e4c4       0x24 drivers/mtd/nand/built-in.o
 .data.bbt_pattern
                0x2002e4e8        0x4 drivers/mtd/nand/built-in.o
 .data.scan_ff_pattern
                0x2002e4ec        0x4 drivers/mtd/nand/built-in.o
 .data.bbt_main_descr
                0x2002e4f0       0x24 drivers/mtd/nand/built-in.o
 .data.agand_flashbased
                0x2002e514       0x24 drivers/mtd/nand/built-in.o
 .data.nand_oob_8
                0x2002e538      0xb08 drivers/mtd/nand/built-in.o
 .data.nand_oob_16
                0x2002f040      0xb08 drivers/mtd/nand/built-in.o
 .data.nand_oob_128
                0x2002fb48      0xb08 drivers/mtd/nand/built-in.o
 .data.nand_oob_64
                0x20030650     0x1610 drivers/mtd/nand/built-in.o
 .data          0x20031c60        0x8 drivers/serial/built-in.o
                0x20031c60                config
 .data.s5p_serial1_device
                0x20031c68       0x30 drivers/serial/built-in.o
                0x20031c68                s5p_serial1_device
 .data.s5p_serial0_device
                0x20031c98       0x30 drivers/serial/built-in.o
                0x20031c98                s5p_serial0_device
 .data.s5p_serial2_device
                0x20031cc8       0x30 drivers/serial/built-in.o
                0x20031cc8                s5p_serial2_device
 .data.s5p_serial3_device
                0x20031cf8       0x30 drivers/serial/built-in.o
                0x20031cf8                s5p_serial3_device
 .data.fstypes  0x20031d28       0x40 fs/built-in.o
 .data.NetOurNativeVLAN
                0x20031d68        0x2 net/built-in.o
                0x20031d68                NetOurNativeVLAN
 *fill*         0x20031d6a        0x2 00
 .data.NetBcastAddr
                0x20031d6c        0x8 net/built-in.o
                0x20031d6c                NetBcastAddr
 .data.first_call.3704
                0x20031d74        0x4 net/built-in.o
 .data.NetOurVLAN
                0x20031d78        0x2 net/built-in.o
                0x20031d78                NetOurVLAN
 *fill*         0x20031d7a        0x2 00
 .data.nfs_offset
                0x20031d7c        0x4 net/built-in.o
 .data.TftpTimeoutCountMax
                0x20031d80        0x4 net/built-in.o
 .data.TftpRRQTimeoutCountMax
                0x20031d84        0x4 net/built-in.o
                0x20031d84                TftpRRQTimeoutCountMax
 .data.TftpBlkSizeOption
                0x20031d88        0x2 net/built-in.o
 *fill*         0x20031d8a        0x2 00
 .data.TftpTimeoutMSecs
                0x20031d8c        0x4 net/built-in.o
 .data.TftpBlkSize
                0x20031d90        0x2 net/built-in.o

.got            0x20031d94        0x0 load address 0x20031d92
 .got           0x00000000        0x0 arch/arm/cpu/armv7/start.o

.got.plt        0x20031d94        0xc
 .got.plt       0x20031d94        0xc arch/arm/cpu/armv7/start.o
                0x20031d94                _GLOBAL_OFFSET_TABLE_
                0x20031da0                . = ALIGN (0x4)
                0x20031da0                . = .
                0x20031da0                . = ALIGN (0x4)

.u_boot_list    0x20031da0      0x650
 *(SORT(.u_boot_list*))
 .u_boot_list_2_cmd_1
                0x20031da0        0x0 common/built-in.o
 .u_boot_list_2_cmd_2_base
                0x20031da0       0x1c common/built-in.o
                0x20031da0                _u_boot_list_2_cmd_2_base
 .u_boot_list_2_cmd_2_bdinfo
                0x20031dbc       0x1c common/built-in.o
                0x20031dbc                _u_boot_list_2_cmd_2_bdinfo
 .u_boot_list_2_cmd_2_boot